###############################################################################
#
# IAR ELF Linker V9.30.1.335/W64 for ARM                  02/Nov/2025  15:13:53
# Copyright 2007-2022 IAR Systems AB.
#
#    Output file  =
#        D:\OneDrive_hcs7878\OneDrive\STM32\02_IAR9_3_Only\DotmatrixCubeMx_V1_6_8digit\EWARM\DotmatrixCubeMx_V1_0\Exe\DotmatrixCubeMx_V1_0.out
#    Map file     =
#        D:\OneDrive_hcs7878\OneDrive\STM32\02_IAR9_3_Only\DotmatrixCubeMx_V1_6_8digit\EWARM\DotmatrixCubeMx_V1_0\List\DotmatrixCubeMx_V1_0.map
#    Command line =
#        -f
#        D:\OneDrive_hcs7878\OneDrive\STM32\02_IAR9_3_Only\DotmatrixCubeMx_V1_6_8digit\EWARM\DotmatrixCubeMx_V1_0\Exe\DotmatrixCubeMx_V1_0.out.rsp
#        (D:\OneDrive_hcs7878\OneDrive\STM32\02_IAR9_3_Only\DotmatrixCubeMx_V1_6_8digit\EWARM\DotmatrixCubeMx_V1_0\Obj\Application\mycode\BiosApp.o
#        D:\OneDrive_hcs7878\OneDrive\STM32\02_IAR9_3_Only\DotmatrixCubeMx_V1_6_8digit\EWARM\DotmatrixCubeMx_V1_0\Obj\Application\mycode\BiosFont.o
#        D:\OneDrive_hcs7878\OneDrive\STM32\02_IAR9_3_Only\DotmatrixCubeMx_V1_6_8digit\EWARM\DotmatrixCubeMx_V1_0\Obj\Application\mycode\BiosUart.o
#        D:\OneDrive_hcs7878\OneDrive\STM32\02_IAR9_3_Only\DotmatrixCubeMx_V1_6_8digit\EWARM\DotmatrixCubeMx_V1_0\Obj\Application\User\Core\dma.o
#        D:\OneDrive_hcs7878\OneDrive\STM32\02_IAR9_3_Only\DotmatrixCubeMx_V1_6_8digit\EWARM\DotmatrixCubeMx_V1_0\Obj\Application\mycode\Flash.o
#        D:\OneDrive_hcs7878\OneDrive\STM32\02_IAR9_3_Only\DotmatrixCubeMx_V1_6_8digit\EWARM\DotmatrixCubeMx_V1_0\Obj\Application\User\Core\gpio.o
#        D:\OneDrive_hcs7878\OneDrive\STM32\02_IAR9_3_Only\DotmatrixCubeMx_V1_6_8digit\EWARM\DotmatrixCubeMx_V1_0\Obj\Application\User\Core\i2c.o
#        D:\OneDrive_hcs7878\OneDrive\STM32\02_IAR9_3_Only\DotmatrixCubeMx_V1_6_8digit\EWARM\DotmatrixCubeMx_V1_0\Obj\Application\User\Core\main.o
#        D:\OneDrive_hcs7878\OneDrive\STM32\02_IAR9_3_Only\DotmatrixCubeMx_V1_6_8digit\EWARM\DotmatrixCubeMx_V1_0\Obj\Application\mycode\max7219.o
#        D:\OneDrive_hcs7878\OneDrive\STM32\02_IAR9_3_Only\DotmatrixCubeMx_V1_6_8digit\EWARM\DotmatrixCubeMx_V1_0\Obj\Application\mycode\my_usart.o
#        D:\OneDrive_hcs7878\OneDrive\STM32\02_IAR9_3_Only\DotmatrixCubeMx_V1_6_8digit\EWARM\DotmatrixCubeMx_V1_0\Obj\Application\User\Core\rtc.o
#        D:\OneDrive_hcs7878\OneDrive\STM32\02_IAR9_3_Only\DotmatrixCubeMx_V1_6_8digit\EWARM\DotmatrixCubeMx_V1_0\Obj\Application\User\Core\spi.o
#        D:\OneDrive_hcs7878\OneDrive\STM32\02_IAR9_3_Only\DotmatrixCubeMx_V1_6_8digit\EWARM\DotmatrixCubeMx_V1_0\Obj\Application\mycode\SSD1306.o
#        D:\OneDrive_hcs7878\OneDrive\STM32\02_IAR9_3_Only\DotmatrixCubeMx_V1_6_8digit\EWARM\DotmatrixCubeMx_V1_0\Obj\Application\EWARM\startup_stm32f103xb.o
#        D:\OneDrive_hcs7878\OneDrive\STM32\02_IAR9_3_Only\DotmatrixCubeMx_V1_6_8digit\EWARM\DotmatrixCubeMx_V1_0\Obj\Drivers\STM32F1xx_HAL_Driver\stm32f1xx_hal.o
#        D:\OneDrive_hcs7878\OneDrive\STM32\02_IAR9_3_Only\DotmatrixCubeMx_V1_6_8digit\EWARM\DotmatrixCubeMx_V1_0\Obj\Drivers\STM32F1xx_HAL_Driver\stm32f1xx_hal_cortex.o
#        D:\OneDrive_hcs7878\OneDrive\STM32\02_IAR9_3_Only\DotmatrixCubeMx_V1_6_8digit\EWARM\DotmatrixCubeMx_V1_0\Obj\Drivers\STM32F1xx_HAL_Driver\stm32f1xx_hal_dma.o
#        D:\OneDrive_hcs7878\OneDrive\STM32\02_IAR9_3_Only\DotmatrixCubeMx_V1_6_8digit\EWARM\DotmatrixCubeMx_V1_0\Obj\Drivers\STM32F1xx_HAL_Driver\stm32f1xx_hal_exti.o
#        D:\OneDrive_hcs7878\OneDrive\STM32\02_IAR9_3_Only\DotmatrixCubeMx_V1_6_8digit\EWARM\DotmatrixCubeMx_V1_0\Obj\Drivers\STM32F1xx_HAL_Driver\stm32f1xx_hal_flash.o
#        D:\OneDrive_hcs7878\OneDrive\STM32\02_IAR9_3_Only\DotmatrixCubeMx_V1_6_8digit\EWARM\DotmatrixCubeMx_V1_0\Obj\Drivers\STM32F1xx_HAL_Driver\stm32f1xx_hal_flash_ex.o
#        D:\OneDrive_hcs7878\OneDrive\STM32\02_IAR9_3_Only\DotmatrixCubeMx_V1_6_8digit\EWARM\DotmatrixCubeMx_V1_0\Obj\Drivers\STM32F1xx_HAL_Driver\stm32f1xx_hal_gpio.o
#        D:\OneDrive_hcs7878\OneDrive\STM32\02_IAR9_3_Only\DotmatrixCubeMx_V1_6_8digit\EWARM\DotmatrixCubeMx_V1_0\Obj\Drivers\STM32F1xx_HAL_Driver\stm32f1xx_hal_gpio_ex.o
#        D:\OneDrive_hcs7878\OneDrive\STM32\02_IAR9_3_Only\DotmatrixCubeMx_V1_6_8digit\EWARM\DotmatrixCubeMx_V1_0\Obj\Drivers\STM32F1xx_HAL_Driver\stm32f1xx_hal_i2c.o
#        D:\OneDrive_hcs7878\OneDrive\STM32\02_IAR9_3_Only\DotmatrixCubeMx_V1_6_8digit\EWARM\DotmatrixCubeMx_V1_0\Obj\Application\User\Core\stm32f1xx_hal_msp.o
#        D:\OneDrive_hcs7878\OneDrive\STM32\02_IAR9_3_Only\DotmatrixCubeMx_V1_6_8digit\EWARM\DotmatrixCubeMx_V1_0\Obj\Drivers\STM32F1xx_HAL_Driver\stm32f1xx_hal_pwr.o
#        D:\OneDrive_hcs7878\OneDrive\STM32\02_IAR9_3_Only\DotmatrixCubeMx_V1_6_8digit\EWARM\DotmatrixCubeMx_V1_0\Obj\Drivers\STM32F1xx_HAL_Driver\stm32f1xx_hal_rcc.o
#        D:\OneDrive_hcs7878\OneDrive\STM32\02_IAR9_3_Only\DotmatrixCubeMx_V1_6_8digit\EWARM\DotmatrixCubeMx_V1_0\Obj\Drivers\STM32F1xx_HAL_Driver\stm32f1xx_hal_rcc_ex.o
#        D:\OneDrive_hcs7878\OneDrive\STM32\02_IAR9_3_Only\DotmatrixCubeMx_V1_6_8digit\EWARM\DotmatrixCubeMx_V1_0\Obj\Drivers\STM32F1xx_HAL_Driver\stm32f1xx_hal_rtc.o
#        D:\OneDrive_hcs7878\OneDrive\STM32\02_IAR9_3_Only\DotmatrixCubeMx_V1_6_8digit\EWARM\DotmatrixCubeMx_V1_0\Obj\Drivers\STM32F1xx_HAL_Driver\stm32f1xx_hal_rtc_ex.o
#        D:\OneDrive_hcs7878\OneDrive\STM32\02_IAR9_3_Only\DotmatrixCubeMx_V1_6_8digit\EWARM\DotmatrixCubeMx_V1_0\Obj\Drivers\STM32F1xx_HAL_Driver\stm32f1xx_hal_spi.o
#        D:\OneDrive_hcs7878\OneDrive\STM32\02_IAR9_3_Only\DotmatrixCubeMx_V1_6_8digit\EWARM\DotmatrixCubeMx_V1_0\Obj\Drivers\STM32F1xx_HAL_Driver\stm32f1xx_hal_tim.o
#        D:\OneDrive_hcs7878\OneDrive\STM32\02_IAR9_3_Only\DotmatrixCubeMx_V1_6_8digit\EWARM\DotmatrixCubeMx_V1_0\Obj\Drivers\STM32F1xx_HAL_Driver\stm32f1xx_hal_tim_ex.o
#        D:\OneDrive_hcs7878\OneDrive\STM32\02_IAR9_3_Only\DotmatrixCubeMx_V1_6_8digit\EWARM\DotmatrixCubeMx_V1_0\Obj\Drivers\STM32F1xx_HAL_Driver\stm32f1xx_hal_uart.o
#        D:\OneDrive_hcs7878\OneDrive\STM32\02_IAR9_3_Only\DotmatrixCubeMx_V1_6_8digit\EWARM\DotmatrixCubeMx_V1_0\Obj\Application\User\Core\stm32f1xx_it.o
#        D:\OneDrive_hcs7878\OneDrive\STM32\02_IAR9_3_Only\DotmatrixCubeMx_V1_6_8digit\EWARM\DotmatrixCubeMx_V1_0\Obj\Drivers\CMSIS\system_stm32f1xx.o
#        D:\OneDrive_hcs7878\OneDrive\STM32\02_IAR9_3_Only\DotmatrixCubeMx_V1_6_8digit\EWARM\DotmatrixCubeMx_V1_0\Obj\Application\User\Core\tim.o
#        D:\OneDrive_hcs7878\OneDrive\STM32\02_IAR9_3_Only\DotmatrixCubeMx_V1_6_8digit\EWARM\DotmatrixCubeMx_V1_0\Obj\Application\User\Core\usart.o
#        --redirect _Printf=_PrintfFull --redirect _Scanf=_ScanfFull
#        --no_out_extension -o
#        D:\OneDrive_hcs7878\OneDrive\STM32\02_IAR9_3_Only\DotmatrixCubeMx_V1_6_8digit\EWARM\DotmatrixCubeMx_V1_0\Exe\DotmatrixCubeMx_V1_0.out
#        --map
#        D:\OneDrive_hcs7878\OneDrive\STM32\02_IAR9_3_Only\DotmatrixCubeMx_V1_6_8digit\EWARM\DotmatrixCubeMx_V1_0\List\DotmatrixCubeMx_V1_0.map
#        --config
#        D:\OneDrive_hcs7878\OneDrive\STM32\02_IAR9_3_Only\DotmatrixCubeMx_V1_6_8digit\EWARM/stm32f103xb_flash.icf
#        --semihosting --entry __iar_program_start --vfe --text_out locale
#        --cpu=Cortex-M3 --fpu=None)
#
###############################################################################

*******************************************************************************
*** RUNTIME MODEL ATTRIBUTES
***

CppFlavor       = *
__CPP_Runtime   = 1
__SystemLibrary = DLib
__dlib_version  = 6


*******************************************************************************
*** HEAP SELECTION
***

The basic heap was selected because --advanced_heap
was not specified and the application did not appear to
be primarily optimized for speed.


*******************************************************************************
*** PLACEMENT SUMMARY
***

"A0":  place at address 0x800'0000 { ro section .intvec };
"P1":  place in [from 0x800'0000 to 0x801'f800] { ro };
define block CSTACK with size = 1K, alignment = 8 { };
define block HEAP with size = 512, alignment = 8 { };
"P2":  place in [from 0x2000'0000 to 0x2000'4fff] {
          rw, block CSTACK, block HEAP };
initialize by copy { rw };

  Section            Kind         Address      Size  Object
  -------            ----         -------      ----  ------
"A0":                                          0xec
  .intvec            ro code   0x800'0000      0xec  startup_stm32f103xb.o [1]
                             - 0x800'00ec      0xec

"P1":                                      0x1'6cfb
  .text              ro code   0x800'00ec    0x40cc  max7219.o [3]
  .text              ro code   0x800'41b8     0x390  stm32f1xx_hal_spi.o [5]
  .text              ro code   0x800'4548      0x66  ABImemset.o [8]
  .text              ro code   0x800'45ae      0x7e  lz77_init_single.o [8]
  .text              ro code   0x800'462c      0x40  sprintf.o [6]
  .text              ro code   0x800'466c     0xf3c  tim.o [2]
  .text              ro code   0x800'55a8      0xa6  ABImemcpy.o [8]
  .text              ro code   0x800'564e      0x1e  xencoding_8859_1.o [6]
  .text              ro code   0x800'566c     0x328  rtc.o [2]
  .text              ro code   0x800'5994     0x260  i2c.o [2]
  .text              ro code   0x800'5bf4     0x17c  spi.o [2]
  .text              ro code   0x800'5d70       0xc  stm32f1xx_hal.o [5]
  .text              ro code   0x800'5d7c     0xfb2  xprintffull.o [6]
  .text              ro code   0x800'6d2e       0xa  xsprout.o [6]
  .text              ro code   0x800'6d38     0x88c  stm32f1xx_hal_tim.o [5]
  .text              ro code   0x800'75c4     0x216  main.o [2]
  .rodata            const     0x800'77da       0x2  stm32f1xx_hal_rcc.o [5]
  .text              ro code   0x800'77dc      0x7c  stm32f1xx_hal_tim_ex.o [5]
  .text              ro code   0x800'7858     0x154  stm32f1xx_hal_cortex.o [5]
  .text              ro code   0x800'79ac     0x2ac  stm32f1xx_hal_gpio.o [5]
  .text              ro code   0x800'7c58      0x48  FltToDbl.o [7]
  .text              ro code   0x800'7ca0     0x246  DblDiv.o [7]
  .rodata            const     0x800'7ee6       0x2  stm32f1xx_hal_rcc_ex.o [5]
  .text              ro code   0x800'7ee8      0x68  DblToFlt.o [7]
  .text              ro code   0x800'7f50      0xd8  FltMul.o [7]
  .text              ro code   0x800'8028     0x162  FltAddSub.o [7]
  .rodata            const     0x800'818a       0x2  xlocale_c.o [6]
  .text              ro code   0x800'818c      0x18  FltToU32.o [7]
  .text              ro code   0x800'81a4     0x118  FltDiv.o [7]
  .text              ro code   0x800'82bc     0x228  Flash.o [3]
  .text              ro code   0x800'84e4     0x7e0  SSD1306.o [3]
  .text              ro code   0x800'8cc4     0x76e  stm32f1xx_hal_rtc.o [5]
  .rodata            const     0x800'9432       0x2  xlocale_c.o [6]
  .text              ro code   0x800'9434      0x7c  stm32f1xx_hal_rtc_ex.o [5]
  .text              ro code   0x800'94b0       0xc  stm32f1xx_hal_pwr.o [5]
  .text              ro code   0x800'94bc     0xc06  stm32f1xx_hal_i2c.o [5]
  .rodata            const     0x800'a0c2       0x1  xlocale_c.o [6]
  .text              ro code   0x800'a0c4      0x1a  U32ToFlt.o [7]
  .text              ro code   0x800'a0e0      0x26  FltToS32.o [7]
  .text              ro code   0x800'a108      0x28  FltCmpLe.o [7]
  .text              ro code   0x800'a130      0x7c  xlocale_c.o [6]
  .text              ro code   0x800'a1ac      0x16  strchr.o [8]
  .text              ro code   0x800'a1c4      0x40  xfail_s.o [6]
  .text              ro code   0x800'a204      0x36  strlen.o [8]
  .text              ro code   0x800'a23c      0x58  memchr.o [8]
  .text              ro code   0x800'a294      0x70  frexp.o [7]
  .text              ro code   0x800'a304      0x34  DblCmpLe.o [7]
  .text              ro code   0x800'a338      0x34  DblCmpGe.o [7]
  .text              ro code   0x800'a36c     0x13a  ldexp.o [7]
  .text              ro code   0x800'a4a8      0x36  DblToS32.o [7]
  .text              ro code   0x800'a4e0      0x22  S32ToDbl.o [7]
  .text              ro code   0x800'a504     0x24e  DblAddSub.o [7]
  .text              ro code   0x800'a754      0x22  DblToU32.o [7]
  .text              ro code   0x800'a778      0x1c  U32ToDbl.o [7]
  .text              ro code   0x800'a794     0x1aa  DblMul.o [7]
  .text              ro code   0x800'a93e       0xa  xmbcurmax.o [6]
  .text              ro code   0x800'a948     0x230  I64DivMod.o [8]
  .text              ro code   0x800'ab78       0x2  stm32f1xx_hal_tim.o [5]
  .text              ro code   0x800'ab7a       0x2  stm32f1xx_hal_tim.o [5]
  .text              ro code   0x800'ab7c       0x2  stm32f1xx_hal_tim.o [5]
  .text              ro code   0x800'ab7e       0x2  stm32f1xx_hal_tim_ex.o [5]
  .text              ro code   0x800'ab80       0x2  stm32f1xx_hal_tim.o [5]
  .text              ro code   0x800'ab82       0x2  stm32f1xx_hal_tim_ex.o [5]
  .text              ro code   0x800'ab84     0x648  stm32f1xx_hal_rcc.o [5]
  .text              ro code   0x800'b1cc     0xa04  my_usart.o [3]
  .text              ro code   0x800'bbd0      0x24  stm32f1xx_hal.o [5]
  .text              ro code   0x800'bbf4     0x130  gpio.o [2]
  .text              ro code   0x800'bd24      0x7c  dma.o [2]
  .text              ro code   0x800'bda0     0x3bc  usart.o [2]
  .text              ro code   0x800'c15c    0x103c  BiosUart.o [3]
  .text              ro code   0x800'd198     0x7ac  BiosApp.o [3]
  .text              ro code   0x800'd944     0x228  stm32f1xx_hal_rcc_ex.o [5]
  .text              ro code   0x800'db6c      0x68  memcmp.o [8]
  .text              ro code   0x800'dbd4     0x1c8  stm32f1xx_hal_flash.o [5]
  .text              ro code   0x800'dd9c      0xfc  stm32f1xx_hal_flash_ex.o [5]
  .text              ro code   0x800'de98     0x44c  BiosFont.o [3]
  .text              ro code   0x800'e2e4      0x14  memset.o [8]
  .text              ro code   0x800'e2f8       0x2  stm32f1xx_hal_rtc_ex.o [5]
  .text              ro code   0x800'e2fa       0x2  stm32f1xx_hal_rtc_ex.o [5]
  .text              ro code   0x800'e2fc       0x6  abort.o [6]
  .text              ro code   0x800'e304       0x2  I64DivZer.o [8]
  .text              ro code   0x800'e308      0x4c  stm32f1xx_hal.o [5]
  .text              ro code   0x800'e354     0xbac  stm32f1xx_hal_uart.o [5]
  .text              ro code   0x800'ef00      0x34  vsprintf.o [6]
  .text              ro code   0x800'ef34      0x48  stm32f1xx_hal_msp.o [2]
  .text              ro code   0x800'ef7c     0x3bc  stm32f1xx_hal_dma.o [5]
  .text              ro code   0x800'f338      0x28  stm32f1xx_hal.o [5]
  .text              ro code   0x800'f360      0x2a  strncmp.o [6]
  .text              ro code   0x800'f38c      0x1e  U64Shr.o [8]
  .text              ro code   0x800'f3ac      0x14  exit.o [9]
  .text              ro code   0x800'f3c0       0x2  stm32f1xx_hal_uart.o [5]
  .text              ro code   0x800'f3c2       0x2  stm32f1xx_hal_uart.o [5]
  .text              ro code   0x800'f3c4       0x2  stm32f1xx_hal_uart.o [5]
  .rodata            const     0x800'f3c8    0x2d00  BiosFont.o [3]
  .rodata            const     0x801'20c8    0x125c  BiosFont.o [3]
  .rodata            const     0x801'3324     0xa00  BiosApp.o [3]
  .rodata            const     0x801'3d24     0x7f0  BiosFont.o [3]
  .rodata            const     0x801'4514     0x540  max7219.o [3]
  .rodata            const     0x801'4a54     0x300  max7219.o [3]
  .rodata            const     0x801'4d54     0x300  max7219.o [3]
  .rodata            const     0x801'5054     0x300  max7219.o [3]
  .rodata            const     0x801'5354     0x300  SSD1306.o [3]
  .rodata            const     0x801'5654     0x300  SSD1306.o [3]
  .rodata            const     0x801'5954     0x300  SSD1306.o [3]
  .rodata            const     0x801'5c54     0x1e0  max7219.o [3]
  .rodata            const     0x801'5e34     0x1e0  max7219.o [3]
  .rodata            const     0x801'6014     0x180  SSD1306.o [3]
  .text              ro code   0x801'6194     0x168  stm32f1xx_it.o [2]
  .text              ro code   0x801'62fc      0x18  stm32f1xx_hal.o [5]
  .rodata            const     0x801'6314      0x40  max7219.o [3]
  .rodata            const     0x801'6354      0x38  BiosApp.o [3]
  .text              ro code   0x801'638c      0x38  zero_init3.o [8]
  .rodata            const     0x801'63c4      0x30  main.o [2]
  .rodata            const     0x801'63f4      0x30  main.o [2]
  .rodata            const     0x801'6424      0x30  main.o [2]
  .rodata            const     0x801'6454      0x30  main.o [2]
  .rodata            const     0x801'6484      0x30  main.o [2]
  .rodata            const     0x801'64b4      0x30  main.o [2]
  .rodata            const     0x801'64e4      0x30  main.o [2]
  .rodata            const     0x801'6514      0x30  main.o [2]
  .rodata            const     0x801'6544      0x30  main.o [2]
  .rodata            const     0x801'6574      0x30  tim.o [2]
  .text              ro code   0x801'65a4      0x28  data_init.o [8]
  .rodata            const     0x801'65cc      0x24  BiosUart.o [3]
  .iar.init_table    const     0x801'65f0      0x20  - Linker created -
  .rodata            const     0x801'6610      0x20  BiosFont.o [3]
  .rodata            const     0x801'6630      0x20  BiosFont.o [3]
  .rodata            const     0x801'6650      0x20  BiosFont.o [3]
  .text              ro code   0x801'6670      0x1e  cmain.o [8]
  .text              ro code   0x801'668e       0x4  low_level_init.o [6]
  .text              ro code   0x801'6692       0x4  exit.o [6]
  .text              ro code   0x801'6698       0xa  cexit.o [8]
  .rodata            const     0x801'66a4      0x1c  BiosUart.o [3]
  .rodata            const     0x801'66c0      0x1c  max7219.o [3]
  .text              ro code   0x801'66dc      0x1c  cstartup_M.o [8]
  .rodata            const     0x801'66f8      0x18  BiosApp.o [3]
  .rodata            const     0x801'6710      0x18  BiosFont.o [3]
  .rodata            const     0x801'6728      0x18  BiosFont.o [3]
  .rodata            const     0x801'6740      0x18  BiosFont.o [3]
  .rodata            const     0x801'6758      0x18  max7219.o [3]
  .rodata            const     0x801'6770      0x14  BiosApp.o [3]
  .rodata            const     0x801'6784      0x14  BiosApp.o [3]
  .rodata            const     0x801'6798      0x14  BiosApp.o [3]
  .rodata            const     0x801'67ac      0x14  BiosApp.o [3]
  .rodata            const     0x801'67c0      0x14  BiosApp.o [3]
  .rodata            const     0x801'67d4      0x14  BiosApp.o [3]
  .rodata            const     0x801'67e8      0x14  BiosApp.o [3]
  .rodata            const     0x801'67fc      0x14  BiosApp.o [3]
  .rodata            const     0x801'6810      0x14  BiosApp.o [3]
  .rodata            const     0x801'6824      0x14  BiosApp.o [3]
  .rodata            const     0x801'6838      0x14  BiosApp.o [3]
  .rodata            const     0x801'684c      0x14  BiosApp.o [3]
  .rodata            const     0x801'6860      0x14  BiosUart.o [3]
  .rodata            const     0x801'6874      0x14  BiosUart.o [3]
  .rodata            const     0x801'6888      0x14  BiosUart.o [3]
  .rodata            const     0x801'689c      0x14  BiosUart.o [3]
  .rodata            const     0x801'68b0      0x14  BiosUart.o [3]
  .rodata            const     0x801'68c4      0x14  BiosUart.o [3]
  .rodata            const     0x801'68d8      0x14  SSD1306.o [3]
  .rodata            const     0x801'68ec      0x14  SSD1306.o [3]
  .rodata            const     0x801'6900      0x14  SSD1306.o [3]
  .rodata            const     0x801'6914      0x10  BiosApp.o [3]
  .rodata            const     0x801'6924      0x10  BiosApp.o [3]
  .rodata            const     0x801'6934      0x10  BiosApp.o [3]
  .rodata            const     0x801'6944      0x10  BiosApp.o [3]
  .rodata            const     0x801'6954      0x10  BiosApp.o [3]
  .rodata            const     0x801'6964      0x10  BiosFont.o [3]
  .rodata            const     0x801'6974      0x10  BiosUart.o [3]
  .rodata            const     0x801'6984      0x10  Flash.o [3]
  .rodata            const     0x801'6994      0x10  max7219.o [3]
  .rodata            const     0x801'69a4      0x10  max7219.o [3]
  .rodata            const     0x801'69b4      0x10  max7219.o [3]
  .rodata            const     0x801'69c4      0x10  max7219.o [3]
  .rodata            const     0x801'69d4      0x10  max7219.o [3]
  .rodata            const     0x801'69e4      0x10  max7219.o [3]
  .rodata            const     0x801'69f4      0x10  max7219.o [3]
  .rodata            const     0x801'6a04      0x10  max7219.o [3]
  .rodata            const     0x801'6a14      0x10  max7219.o [3]
  .rodata            const     0x801'6a24      0x10  max7219.o [3]
  .rodata            const     0x801'6a34      0x10  max7219.o [3]
  .rodata            const     0x801'6a44      0x10  SSD1306.o [3]
  .rodata            const     0x801'6a54      0x10  stm32f1xx_hal_rcc.o [5]
  .rodata            const     0x801'6a64      0x10  stm32f1xx_hal_rcc_ex.o [5]
  .rodata            const     0x801'6a74      0x10  system_stm32f1xx.o [4]
  .text              ro code   0x801'6a84      0x10  startup_stm32f103xb.o [1]
  .rodata            const     0x801'6a94       0xc  BiosApp.o [3]
  .rodata            const     0x801'6aa0       0xc  BiosApp.o [3]
  .rodata            const     0x801'6aac       0xc  BiosApp.o [3]
  .rodata            const     0x801'6ab8       0xc  max7219.o [3]
  .rodata            const     0x801'6ac4       0xc  max7219.o [3]
  .rodata            const     0x801'6ad0       0xc  max7219.o [3]
  .rodata            const     0x801'6adc       0xc  max7219.o [3]
  .rodata            const     0x801'6ae8       0xc  max7219.o [3]
  .rodata            const     0x801'6af4       0xc  max7219.o [3]
  .rodata            const     0x801'6b00       0xc  max7219.o [3]
  .rodata            const     0x801'6b0c       0xc  max7219.o [3]
  .rodata            const     0x801'6b18       0xc  max7219.o [3]
  .rodata            const     0x801'6b24       0xc  max7219.o [3]
  .rodata            const     0x801'6b30       0xc  max7219.o [3]
  .rodata            const     0x801'6b3c       0xc  max7219.o [3]
  .rodata            const     0x801'6b48       0xc  max7219.o [3]
  .rodata            const     0x801'6b54       0xc  max7219.o [3]
  .rodata            const     0x801'6b60       0xc  max7219.o [3]
  .rodata            const     0x801'6b6c       0xc  max7219.o [3]
  .rodata            const     0x801'6b78       0xc  max7219.o [3]
  .rodata            const     0x801'6b84       0xc  max7219.o [3]
  .rodata            const     0x801'6b90       0xc  max7219.o [3]
  .rodata            const     0x801'6b9c       0xc  max7219.o [3]
  .rodata            const     0x801'6ba8       0xc  max7219.o [3]
  .rodata            const     0x801'6bb4       0xc  max7219.o [3]
  .rodata            const     0x801'6bc0       0xc  max7219.o [3]
  .rodata            const     0x801'6bcc       0xc  max7219.o [3]
  .rodata            const     0x801'6bd8       0xc  max7219.o [3]
  .rodata            const     0x801'6be4       0xc  max7219.o [3]
  .rodata            const     0x801'6bf0       0xc  max7219.o [3]
  .rodata            const     0x801'6bfc       0xc  max7219.o [3]
  .rodata            const     0x801'6c08       0xc  max7219.o [3]
  .rodata            const     0x801'6c14       0xc  max7219.o [3]
  .rodata            const     0x801'6c20       0xc  max7219.o [3]
  .rodata            const     0x801'6c2c       0xc  max7219.o [3]
  .rodata            const     0x801'6c38       0xc  max7219.o [3]
  .rodata            const     0x801'6c44       0xc  max7219.o [3]
  .rodata            const     0x801'6c50       0xc  max7219.o [3]
  .rodata            const     0x801'6c5c       0xc  max7219.o [3]
  .rodata            const     0x801'6c68       0xc  tim.o [2]
  .rodata            const     0x801'6c74       0xc  tim.o [2]
  .rodata            const     0x801'6c80       0x8  BiosApp.o [3]
  .rodata            const     0x801'6c88       0x8  BiosApp.o [3]
  .rodata            const     0x801'6c90       0x8  max7219.o [3]
  .rodata            const     0x801'6c98       0x8  max7219.o [3]
  .rodata            const     0x801'6ca0       0x8  max7219.o [3]
  .rodata            const     0x801'6ca8       0x8  max7219.o [3]
  .rodata            const     0x801'6cb0       0x8  max7219.o [3]
  .rodata            const     0x801'6cb8       0x8  max7219.o [3]
  .rodata            const     0x801'6cc0       0x8  max7219.o [3]
  .rodata            const     0x801'6cc8       0x8  system_stm32f1xx.o [4]
  .text              ro code   0x801'6cd0       0x4  startup_stm32f103xb.o [1]
  .text              ro code   0x801'6cd4       0x4  startup_stm32f103xb.o [1]
  .text              ro code   0x801'6cd8       0x4  startup_stm32f103xb.o [1]
  .text              ro code   0x801'6cdc       0x4  startup_stm32f103xb.o [1]
  .text              ro code   0x801'6ce0       0x4  startup_stm32f103xb.o [1]
  .text              ro code   0x801'6ce4       0x4  startup_stm32f103xb.o [1]
  .text              ro code   0x801'6ce8       0x4  startup_stm32f103xb.o [1]
  .text              ro code   0x801'6cec       0x4  startup_stm32f103xb.o [1]
  .text              ro code   0x801'6cf0       0x4  startup_stm32f103xb.o [1]
  .text              ro code   0x801'6cf4       0x4  startup_stm32f103xb.o [1]
  .text              ro code   0x801'6cf8       0x4  startup_stm32f103xb.o [1]
  .text              ro code   0x801'6cfc       0x4  startup_stm32f103xb.o [1]
  .text              ro code   0x801'6d00       0x4  startup_stm32f103xb.o [1]
  .text              ro code   0x801'6d04       0x4  startup_stm32f103xb.o [1]
  .text              ro code   0x801'6d08       0x4  startup_stm32f103xb.o [1]
  .text              ro code   0x801'6d0c       0x4  startup_stm32f103xb.o [1]
  .text              ro code   0x801'6d10       0x4  startup_stm32f103xb.o [1]
  .text              ro code   0x801'6d14       0x4  startup_stm32f103xb.o [1]
  .text              ro code   0x801'6d18       0x4  startup_stm32f103xb.o [1]
  .text              ro code   0x801'6d1c       0x4  startup_stm32f103xb.o [1]
  .text              ro code   0x801'6d20       0x4  startup_stm32f103xb.o [1]
  .text              ro code   0x801'6d24       0x4  startup_stm32f103xb.o [1]
  .text              ro code   0x801'6d28       0x4  startup_stm32f103xb.o [1]
  .text              ro code   0x801'6d2c       0x4  startup_stm32f103xb.o [1]
  .text              ro code   0x801'6d30       0x4  startup_stm32f103xb.o [1]
  .text              ro code   0x801'6d34       0x4  startup_stm32f103xb.o [1]
  .text              ro code   0x801'6d38       0x4  startup_stm32f103xb.o [1]
  .text              ro code   0x801'6d3c       0x4  startup_stm32f103xb.o [1]
  .text              ro code   0x801'6d40       0x4  startup_stm32f103xb.o [1]
  .text              ro code   0x801'6d44       0x4  startup_stm32f103xb.o [1]
  .text              ro code   0x801'6d48       0x4  startup_stm32f103xb.o [1]
  .text              ro code   0x801'6d4c       0x4  startup_stm32f103xb.o [1]
  .text              ro code   0x801'6d50       0x2  system_stm32f1xx.o [4]
  .rodata            const     0x801'6d52       0x0  zero_init3.o [8]
  .rodata            const     0x801'6d52       0x0  lz77_init_single.o [8]
  Initializer bytes  const     0x801'6d52      0x95  <for P2-1>
                             - 0x801'6de7  0x1'6cfb

"P2", part 1 of 3:                             0xe9
  P2-1                        0x2000'0000      0xe9  <Init block>
    .data            inited   0x2000'0000      0x14  main.o [2]
    .data            inited   0x2000'0014       0x4  stm32f1xx_hal.o [5]
    .data            inited   0x2000'0018       0x4  system_stm32f1xx.o [4]
    .data            inited   0x2000'001c      0x4c  tim.o [2]
    .data            inited   0x2000'0068      0x38  xlocale_c.o [6]
    .data            inited   0x2000'00a0      0x48  xlocale_c.o [6]
    .data            inited   0x2000'00e8       0x1  stm32f1xx_hal.o [5]
                            - 0x2000'00e9      0xe9

"P2", part 2 of 3:                           0x4aec
  .bss               zero     0x2000'00ec     0xc00  my_usart.o [3]
  .bss               zero     0x2000'0cec     0xc00  my_usart.o [3]
  DMA_BUF            zero     0x2000'18ec     0xc00  my_usart.o [3]
  DMA_BUF            zero     0x2000'24ec     0xc00  my_usart.o [3]
  .bss               zero     0x2000'30ec     0x400  BiosUart.o [3]
  .bss               zero     0x2000'34ec     0x400  Flash.o [3]
  .bss               zero     0x2000'38ec     0x400  my_usart.o [3]
  .bss               zero     0x2000'3cec     0x400  my_usart.o [3]
  .bss               zero     0x2000'40ec     0x400  SSD1306.o [3]
  .bss               zero     0x2000'44ec     0x130  my_usart.o [3]
  .bss               zero     0x2000'461c      0xb4  my_usart.o [3]
  .bss               zero     0x2000'46d0      0x58  spi.o [2]
  .bss               zero     0x2000'4728      0x58  spi.o [2]
  .bss               zero     0x2000'4780      0x54  i2c.o [2]
  .bss               zero     0x2000'47d4      0x48  tim.o [2]
  .bss               zero     0x2000'481c      0x48  tim.o [2]
  .bss               zero     0x2000'4864      0x48  usart.o [2]
  .bss               zero     0x2000'48ac      0x48  usart.o [2]
  .bss               zero     0x2000'48f4      0x48  usart.o [2]
  .bss               zero     0x2000'493c      0x44  usart.o [2]
  .bss               zero     0x2000'4980      0x44  usart.o [2]
  .bss               zero     0x2000'49c4      0x44  usart.o [2]
  .bss               zero     0x2000'4a08      0x44  usart.o [2]
  .bss               zero     0x2000'4a4c      0x44  usart.o [2]
  .bss               zero     0x2000'4a90      0x44  usart.o [2]
  .bss               zero     0x2000'4ad4      0x34  BiosUart.o [3]
  .bss               zero     0x2000'4b08      0x28  BiosApp.o [3]
  .bss               zero     0x2000'4b30      0x1c  BiosApp.o [3]
  .bss               zero     0x2000'4b50      0x20  stm32f1xx_hal_flash.o [5]
  .bss               zero     0x2000'4b70      0x14  rtc.o [2]
  .bss               zero     0x2000'4b84      0x14  tim.o [2]
  .bss               zero     0x2000'4b98      0x10  Flash.o [3]
  .bss               zero     0x2000'4ba8       0xc  tim.o [2]
  .bss               zero     0x2000'4bb4       0x8  BiosUart.o [3]
  .bss               zero     0x2000'4bbc       0x4  stm32f1xx_hal.o [5]
  .bss               zero     0x2000'4bc0       0x4  xfail_s.o [6]
  .bss               zero     0x2000'4bc4       0x2  BiosUart.o [3]
  .bss               zero     0x2000'4bc6       0x1  BiosApp.o [3]
  .bss               zero     0x2000'4bc7       0x1  BiosUart.o [3]
  .bss               zero     0x2000'4bc8       0x1  max7219.o [3]
  .bss               zero     0x2000'4bc9       0x1  max7219.o [3]
  .bss               zero     0x2000'4bca       0x1  max7219.o [3]
  .bss               zero     0x2000'4bcb       0x1  max7219.o [3]
  .bss               zero     0x2000'4bcc       0x1  max7219.o [3]
  .bss               zero     0x2000'4bcd       0x1  max7219.o [3]
  .bss               zero     0x2000'4bce       0x1  max7219.o [3]
  .bss               zero     0x2000'4bcf       0x1  tim.o [2]
  .bss               zero     0x2000'4bd0       0x1  tim.o [2]
  .bss               zero     0x2000'4bd1       0x1  tim.o [2]
  .bss               zero     0x2000'4bd2       0x1  tim.o [2]
  .bss               zero     0x2000'4bd3       0x1  tim.o [2]
  .bss               zero     0x2000'4bd4       0x1  tim.o [2]
  .bss               zero     0x2000'4bd5       0x1  tim.o [2]
  .bss               zero     0x2000'4bd6       0x1  tim.o [2]
  .bss               zero     0x2000'4bd7       0x1  tim.o [2]
                            - 0x2000'4bd8    0x4aec

"P2", part 3 of 3:                            0x400
  CSTACK                      0x2000'4bd8     0x400  <Block>
    CSTACK           uninit   0x2000'4bd8     0x400  <Block tail>
                            - 0x2000'4fd8     0x400

Unused ranges:

         From           To    Size
         ----           --    ----
   0x801'6de7   0x801'f800  0x8a1a
  0x2000'00e9  0x2000'00eb     0x3
  0x2000'4fd8  0x2000'4fff    0x28


*******************************************************************************
*** INIT TABLE
***

          Address      Size
          -------      ----
Zero (__iar_zero_init3)
    1 destination range, total size 0x4aec:
          0x2000'00ec  0x4aec

Copy/lz77 (__iar_lz77_init_single3)
    1 source range, total size 0x95 (63% of destination):
           0x801'6d52    0x95
    1 destination range, total size 0xe9:
          0x2000'0000    0xe9



*******************************************************************************
*** MODULE SUMMARY
***

    Module                    ro code  ro data  rw data
    ------                    -------  -------  -------
command line/config:
    ---------------------------------------------------
    Total:

D:\OneDrive_hcs7878\OneDrive\STM32\02_IAR9_3_Only\DotmatrixCubeMx_V1_6_8digit\EWARM\DotmatrixCubeMx_V1_0\Obj\Application\EWARM: [1]
    startup_stm32f103xb.o         380
    ---------------------------------------------------
    Total:                        380

D:\OneDrive_hcs7878\OneDrive\STM32\02_IAR9_3_Only\DotmatrixCubeMx_V1_6_8digit\EWARM\DotmatrixCubeMx_V1_0\Obj\Application\User\Core: [2]
    dma.o                         124
    gpio.o                        304
    i2c.o                         608                84
    main.o                        534      444       20
    rtc.o                         808                20
    spi.o                         380               176
    stm32f1xx_hal_msp.o            72
    stm32f1xx_it.o                360
    tim.o                       3'900      121      261
    usart.o                       956               624
    ---------------------------------------------------
    Total:                      8'046      565    1'185

D:\OneDrive_hcs7878\OneDrive\STM32\02_IAR9_3_Only\DotmatrixCubeMx_V1_6_8digit\EWARM\DotmatrixCubeMx_V1_0\Obj\Application\mycode: [3]
    BiosApp.o                   1'964    3'012       69
    BiosFont.o                  1'100   18'436
    BiosUart.o                  4'156      200    1'087
    Flash.o                       552       16    1'040
    SSD1306.o                   2'016    2'764    1'024
    max7219.o                  16'588    5'388        7
    my_usart.o                  2'564            14'820
    ---------------------------------------------------
    Total:                     28'940   29'816   18'047

D:\OneDrive_hcs7878\OneDrive\STM32\02_IAR9_3_Only\DotmatrixCubeMx_V1_6_8digit\EWARM\DotmatrixCubeMx_V1_0\Obj\Drivers\CMSIS: [4]
    system_stm32f1xx.o              2       26        4
    ---------------------------------------------------
    Total:                          2       26        4

D:\OneDrive_hcs7878\OneDrive\STM32\02_IAR9_3_Only\DotmatrixCubeMx_V1_6_8digit\EWARM\DotmatrixCubeMx_V1_0\Obj\Drivers\STM32F1xx_HAL_Driver: [5]
    stm32f1xx_hal.o               188        4        9
    stm32f1xx_hal_cortex.o        340
    stm32f1xx_hal_dma.o           956
    stm32f1xx_hal_flash.o         456                32
    stm32f1xx_hal_flash_ex.o      252
    stm32f1xx_hal_gpio.o          684
    stm32f1xx_hal_i2c.o         3'078
    stm32f1xx_hal_pwr.o            12
    stm32f1xx_hal_rcc.o         1'608       18
    stm32f1xx_hal_rcc_ex.o        552       18
    stm32f1xx_hal_rtc.o         1'902
    stm32f1xx_hal_rtc_ex.o        128
    stm32f1xx_hal_spi.o           912
    stm32f1xx_hal_tim.o         2'196
    stm32f1xx_hal_tim_ex.o        128
    stm32f1xx_hal_uart.o        2'994
    ---------------------------------------------------
    Total:                     16'386       40       41

dl7M_tlf.a: [6]
    abort.o                         6
    exit.o                          4
    low_level_init.o                4
    sprintf.o                      64
    strncmp.o                      42
    vsprintf.o                     52
    xencoding_8859_1.o             30
    xfail_s.o                      64                 4
    xlocale_c.o                   124       87      128
    xmbcurmax.o                    10
    xprintffull.o               4'018
    xsprout.o                      10
    ---------------------------------------------------
    Total:                      4'428       87      132

m7M_tl.a: [7]
    DblAddSub.o                   590
    DblCmpGe.o                     52
    DblCmpLe.o                     52
    DblDiv.o                      582
    DblMul.o                      426
    DblToFlt.o                    104
    DblToS32.o                     54
    DblToU32.o                     34
    FltAddSub.o                   354
    FltCmpLe.o                     40
    FltDiv.o                      280
    FltMul.o                      216
    FltToDbl.o                     72
    FltToS32.o                     38
    FltToU32.o                     24
    S32ToDbl.o                     34
    U32ToDbl.o                     28
    U32ToFlt.o                     26
    frexp.o                       112
    ldexp.o                       314
    ---------------------------------------------------
    Total:                      3'432

rt7M_tl.a: [8]
    ABImemcpy.o                   166
    ABImemset.o                   102
    I64DivMod.o                   560
    I64DivZer.o                     2
    U64Shr.o                       30
    cexit.o                        10
    cmain.o                        30
    cstartup_M.o                   28
    data_init.o                    40
    lz77_init_single.o            126
    memchr.o                       88
    memcmp.o                      104
    memset.o                       20
    strchr.o                       22
    strlen.o                       54
    zero_init3.o                   56
    ---------------------------------------------------
    Total:                      1'438

shb_l.a: [9]
    exit.o                         20
    ---------------------------------------------------
    Total:                         20

    Gaps                           29        4        4
    Linker created                          32    1'024
-------------------------------------------------------
    Grand Total:               63'101   30'570   20'437


*******************************************************************************
*** ENTRY LIST
***

Entry                       Address    Size  Type      Object
-----                       -------    ----  ----      ------
.iar.init_table$$Base    0x801'65f0           --   Gb  - Linker created -
.iar.init_table$$Limit   0x801'6610           --   Gb  - Linker created -
?main                    0x801'6671          Code  Gb  cmain.o [8]
ADC1_2_IRQHandler        0x801'6cfd          Code  Wk  startup_stm32f103xb.o [1]
AHBPrescTable            0x801'6a74    0x10  Data  Gb  system_stm32f1xx.o [4]
APBPrescTable            0x801'6cc8     0x8  Data  Gb  system_stm32f1xx.o [4]
ASCII8x16_MY             0x801'3d24   0x7f0  Data  Lc  BiosFont.o [3]
AlarmNumber              0x800'2659   0x37a  Code  Gb  max7219.o [3]
AlarmNumber::NumBlink   0x2000'4bcb     0x1  Data  Lc  max7219.o [3]
AppProcess               0x800'd199   0x200  Code  Gb  BiosApp.o [3]
AppProcess::gbCount     0x2000'4bc6     0x1  Data  Lc  BiosApp.o [3]
BitReverse               0x800'0183    0x1e  Code  Gb  max7219.o [3]
BusFault_Handler         0x801'619b     0x2  Code  Gb  stm32f1xx_it.o [2]
BuzzFreqSet              0x800'4887   0x126  Code  Gb  tim.o [2]
BzTbl                    0x801'6574    0x30  Data  Lc  tim.o [2]
CAN1_RX1_IRQHandler      0x801'6d09          Code  Wk  startup_stm32f103xb.o [1]
CAN1_SCE_IRQHandler      0x801'6d0d          Code  Wk  startup_stm32f103xb.o [1]
CSTACK$$Base            0x2000'4bd8           --   Gb  - Linker created -
CSTACK$$Limit           0x2000'4fd8           --   Gb  - Linker created -
CacheMore                0x800'a135    0x28  Code  Lc  xlocale_c.o [6]
CalendarDisp             0x800'20eb   0x3e2  Code  Gb  max7219.o [3]
CalendarDisp::CalenBlink
                        0x2000'4bca     0x1  Data  Lc  max7219.o [3]
CalendarPorcess          0x800'5767   0x158  Code  Gb  rtc.o [2]
ClockDot                 0x800'24fd    0xa6  Code  Gb  max7219.o [3]
ClockDot2                0x800'25a3    0x58  Code  Gb  max7219.o [3]
ClockDot3                0x800'25fb    0x5e  Code  Gb  max7219.o [3]
ClockNumber1             0x800'0b31   0x466  Code  Gb  max7219.o [3]
ClockNumber1::NumBlink  0x2000'4bc8     0x1  Data  Lc  max7219.o [3]
ClockNumber2             0x800'0fe9   0x79e  Code  Gb  max7219.o [3]
ClockNumber2::NumBlink  0x2000'4bc9     0x1  Data  Lc  max7219.o [3]
ClockNumber3             0x800'17a9   0x19e  Code  Gb  max7219.o [3]
CmdProcess               0x800'c1f3    0x76  Code  Gb  BiosUart.o [3]
DI_UART_DMAReset         0x800'b3d3    0x6c  Code  Gb  my_usart.o [3]
DI_UART_GetTxStatus      0x800'b43f    0x6e  Code  Gb  my_usart.o [3]
DI_UART_Init             0x800'b83b   0x11c  Code  Gb  my_usart.o [3]
DI_UART_PreInit          0x800'b7c3    0x78  Code  Gb  my_usart.o [3]
DI_UART_RB_BufferCountInit
                         0x800'b4ad     0xa  Code  Gb  my_usart.o [3]
DI_UART_RB_GetRxReceviedBufferCount
                         0x800'b97f    0x58  Code  Gb  my_usart.o [3]
DI_UART_RB_GetTxRemainBufferCount
                         0x800'b9d7    0x58  Code  Gb  my_usart.o [3]
DI_UART_RxProcess        0x800'b4b7   0x210  Code  Gb  my_usart.o [3]
DI_UART_TxProcess        0x800'b6c7    0xfc  Code  Gb  my_usart.o [3]
DI_USART_GetByte         0x800'ba2f    0x44  Code  Gb  my_usart.o [3]
DI_USART_SendByte        0x800'ba73    0x66  Code  Gb  my_usart.o [3]
DI_USART_SendString      0x800'bad9    0x88  Code  Gb  my_usart.o [3]
DMA1_Channel1_IRQHandler
                         0x801'6cf9          Code  Wk  startup_stm32f103xb.o [1]
DMA1_Channel2_IRQHandler
                         0x801'61e5     0xa  Code  Gb  stm32f1xx_it.o [2]
DMA1_Channel3_IRQHandler
                         0x801'61ef     0xa  Code  Gb  stm32f1xx_it.o [2]
DMA1_Channel4_IRQHandler
                         0x801'61f9     0xa  Code  Gb  stm32f1xx_it.o [2]
DMA1_Channel5_IRQHandler
                         0x801'6203     0xa  Code  Gb  stm32f1xx_it.o [2]
DMA1_Channel6_IRQHandler
                         0x801'620d     0xa  Code  Gb  stm32f1xx_it.o [2]
DMA1_Channel7_IRQHandler
                         0x801'6217     0xa  Code  Gb  stm32f1xx_it.o [2]
DMA_SetConfig            0x800'f30d    0x2c  Code  Lc  stm32f1xx_hal_dma.o [5]
DayOfWeek                0x801'66c0    0x1c  Data  Lc  max7219.o [3]
DayofWeek                0x801'66a4    0x1c  Data  Lc  BiosUart.o [3]
DebugMon_Handler         0x801'61a1     0x2  Code  Gb  stm32f1xx_it.o [2]
Delay                    0x800'486d    0x1a  Code  Gb  tim.o [2]
DispAllTempHumi          0x800'09cf    0x66  Code  Gb  max7219.o [3]
DispLocalIP              0x800'1951    0x22  Code  Gb  max7219.o [3]
DispMoveSmallTemp        0x800'1973   0x2b0  Code  Gb  max7219.o [3]
DispMoveSmallWeather     0x800'1c2d   0x4be  Code  Gb  max7219.o [3]
DispOLEDString           0x800'89e7    0xb8  Code  Gb  SSD1306.o [3]
DispString               0x800'0715   0x110  Code  Gb  max7219.o [3]
DispTempHumi             0x800'0825   0x1aa  Code  Gb  max7219.o [3]
DisplayMenu              0x800'29e1    0xaa  Code  Gb  max7219.o [3]
DisplayMenu::BlinkFlag  0x2000'4bcc     0x1  Data  Lc  max7219.o [3]
DotMatrix                0x800'2d91  0x140c  Code  Gb  max7219.o [3]
DotMatrix::fTimeUpdate  0x2000'4bcd     0x1  Data  Lc  max7219.o [3]
DotMatrix::fTimer       0x2000'4bce     0x1  Data  Lc  max7219.o [3]
DrawFont0406             0x800'045f    0xd2  Code  Gb  max7219.o [3]
DrawFont0508             0x800'03cd    0x92  Code  Gb  max7219.o [3]
DrawFont0708             0x800'0531    0xf2  Code  Gb  max7219.o [3]
DrawFont0708Buf          0x800'0623    0xf2  Code  Gb  max7219.o [3]
DrawPoint                0x800'01a1    0x9a  Code  Gb  max7219.o [3]
DrawR90Font0508          0x800'0337    0x96  Code  Gb  max7219.o [3]
DustParse                0x800'c745   0x1a2  Code  Gb  BiosUart.o [3]
EXTI0_IRQHandler         0x801'6ce5          Code  Wk  startup_stm32f103xb.o [1]
EXTI15_10_IRQHandler     0x801'6d45          Code  Wk  startup_stm32f103xb.o [1]
EXTI1_IRQHandler         0x801'6ce9          Code  Wk  startup_stm32f103xb.o [1]
EXTI2_IRQHandler         0x801'6ced          Code  Wk  startup_stm32f103xb.o [1]
EXTI3_IRQHandler         0x801'6cf1          Code  Wk  startup_stm32f103xb.o [1]
EXTI4_IRQHandler         0x801'6cf5          Code  Wk  startup_stm32f103xb.o [1]
EXTI9_5_IRQHandler       0x801'6d11          Code  Wk  startup_stm32f103xb.o [1]
Error_Handler            0x800'77d7     0x4  Code  Gb  main.o [2]
FLASH_IRQHandler         0x801'6cdd          Code  Wk  startup_stm32f103xb.o [1]
FLASH_MassErase          0x800'de4d    0x1e  Code  Lc  stm32f1xx_hal_flash_ex.o [5]
FLASH_PageErase          0x800'de6b    0x1e  Code  Gb  stm32f1xx_hal_flash_ex.o [5]
FLASH_Program_HalfWord   0x800'dcb7    0x14  Code  Lc  stm32f1xx_hal_flash.o [5]
FLASH_SetErrorCode       0x800'dd1f    0x60  Code  Lc  stm32f1xx_hal_flash.o [5]
FLASH_WaitForLastOperation
                         0x800'dccb    0x54  Code  Gb  stm32f1xx_hal_flash.o [5]
FirmWareVer             0x2000'0000    0x14  Data  Gb  main.o [2]
FlashWriteData           0x800'84a3    0x2e  Code  Gb  Flash.o [3]
Flash_EEPROM_ErasePage   0x800'8389    0x2c  Code  Gb  Flash.o [3]
Flash_EEPROM_ErasePage::EraseInitStruct
                        0x2000'4b98    0x10  Data  Lc  Flash.o [3]
Flash_EEPROM_Read_Data   0x800'8445    0x5e  Code  Gb  Flash.o [3]
Flash_EEPROM_Write_Data
                         0x800'83b5    0x90  Code  Gb  Flash.o [3]
Font4x6                  0x801'4514   0x540  Data  Lc  max7219.o [3]
Font5x8                  0x801'5c54   0x1e0  Data  Lc  max7219.o [3]
GFont8x8                 0x801'4d54   0x300  Data  Lc  max7219.o [3]
GFont8x8                 0x801'5654   0x300  Data  Lc  SSD1306.o [3]
GetEngFont               0x800'df35    0x30  Code  Gb  BiosFont.o [3]
GetKey                   0x800'4cad    0x12  Code  Gb  tim.o [2]
GetKlFont                0x800'df65   0x356  Code  Gb  BiosFont.o [3]
GetTimer                 0x800'483d    0x1a  Code  Gb  tim.o [2]
GetWeatherNumber         0x800'c719    0x2c  Code  Gb  BiosUart.o [3]
HAL_DMA_Abort            0x800'f07b    0x4e  Code  Gb  stm32f1xx_hal_dma.o [5]
HAL_DMA_Abort_IT         0x800'f0c9    0xb4  Code  Gb  stm32f1xx_hal_dma.o [5]
HAL_DMA_IRQHandler       0x800'f17d   0x16a  Code  Gb  stm32f1xx_hal_dma.o [5]
HAL_DMA_Init             0x800'ef7d    0x66  Code  Gb  stm32f1xx_hal_dma.o [5]
HAL_DMA_Start_IT         0x800'efe3    0x98  Code  Gb  stm32f1xx_hal_dma.o [5]
HAL_Delay                0x800'f339    0x28  Code  Wk  stm32f1xx_hal.o [5]
HAL_FLASHEx_Erase        0x800'dd9d    0xb0  Code  Gb  stm32f1xx_hal_flash_ex.o [5]
HAL_FLASH_GetError       0x800'dcb1     0x6  Code  Gb  stm32f1xx_hal_flash.o [5]
HAL_FLASH_Lock           0x800'dca3     0xe  Code  Gb  stm32f1xx_hal_flash.o [5]
HAL_FLASH_Program        0x800'dbd5    0xac  Code  Gb  stm32f1xx_hal_flash.o [5]
HAL_FLASH_Unlock         0x800'dc81    0x22  Code  Gb  stm32f1xx_hal_flash.o [5]
HAL_GPIO_Init            0x800'79ad   0x222  Code  Gb  stm32f1xx_hal_gpio.o [5]
HAL_GPIO_ReadPin         0x800'7bcf    0x16  Code  Gb  stm32f1xx_hal_gpio.o [5]
HAL_GPIO_TogglePin       0x800'7bff    0x1a  Code  Gb  stm32f1xx_hal_gpio.o [5]
HAL_GPIO_WritePin        0x800'7be5    0x1a  Code  Gb  stm32f1xx_hal_gpio.o [5]
HAL_GetTick              0x800'5d71     0xc  Code  Wk  stm32f1xx_hal.o [5]
HAL_I2C_GetError         0x800'9b79     0x4  Code  Gb  stm32f1xx_hal_i2c.o [5]
HAL_I2C_Init             0x800'94bd   0x1d2  Code  Gb  stm32f1xx_hal_i2c.o [5]
HAL_I2C_Master_Receive   0x800'97f9   0x356  Code  Gb  stm32f1xx_hal_i2c.o [5]
HAL_I2C_Master_Transmit
                         0x800'968f   0x16a  Code  Gb  stm32f1xx_hal_i2c.o [5]
HAL_I2C_MspInit          0x800'59cd    0x5a  Code  Gb  i2c.o [2]
HAL_IncTick              0x801'62fd    0x18  Code  Wk  stm32f1xx_hal.o [5]
HAL_Init                 0x800'bbd1    0x20  Code  Gb  stm32f1xx_hal.o [5]
HAL_InitTick             0x800'e309    0x4c  Code  Wk  stm32f1xx_hal.o [5]
HAL_MspInit              0x800'ef35    0x48  Code  Gb  stm32f1xx_hal_msp.o [2]
HAL_NVIC_EnableIRQ       0x800'7971     0xe  Code  Gb  stm32f1xx_hal_cortex.o [5]
HAL_NVIC_SetPriority     0x800'7947    0x2a  Code  Gb  stm32f1xx_hal_cortex.o [5]
HAL_NVIC_SetPriorityGrouping
                         0x800'793b     0xc  Code  Gb  stm32f1xx_hal_cortex.o [5]
HAL_PWR_EnableBkUpAccess
                         0x800'94b1     0x8  Code  Gb  stm32f1xx_hal_pwr.o [5]
HAL_RCCEx_GetPeriphCLKFreq
                         0x800'da5d    0xe2  Code  Gb  stm32f1xx_hal_rcc_ex.o [5]
HAL_RCCEx_GetPeriphCLKFreq::aPLLMULFactorTable
                         0x801'6a64    0x10  Data  Lc  stm32f1xx_hal_rcc_ex.o [5]
HAL_RCCEx_GetPeriphCLKFreq::aPredivFactorTable
                         0x800'7ee6     0x2  Data  Lc  stm32f1xx_hal_rcc_ex.o [5]
HAL_RCCEx_PeriphCLKConfig
                         0x800'd945   0x118  Code  Gb  stm32f1xx_hal_rcc_ex.o [5]
HAL_RCC_ClockConfig      0x800'af85   0x14c  Code  Gb  stm32f1xx_hal_rcc.o [5]
HAL_RCC_GetHCLKFreq      0x800'b12d     0x6  Code  Gb  stm32f1xx_hal_rcc.o [5]
HAL_RCC_GetPCLK1Freq     0x800'b133    0x16  Code  Gb  stm32f1xx_hal_rcc.o [5]
HAL_RCC_GetPCLK2Freq     0x800'b149    0x16  Code  Gb  stm32f1xx_hal_rcc.o [5]
HAL_RCC_GetSysClockFreq
                         0x800'b0d1    0x5c  Code  Gb  stm32f1xx_hal_rcc.o [5]
HAL_RCC_GetSysClockFreq::aPLLMULFactorTable
                         0x801'6a54    0x10  Data  Lc  stm32f1xx_hal_rcc.o [5]
HAL_RCC_GetSysClockFreq::aPredivFactorTable
                         0x800'77da     0x2  Data  Lc  stm32f1xx_hal_rcc.o [5]
HAL_RCC_OscConfig        0x800'ab85   0x400  Code  Gb  stm32f1xx_hal_rcc.o [5]
HAL_RTCEx_RTCEventCallback
                         0x800'e2fb     0x2  Code  Wk  stm32f1xx_hal_rtc_ex.o [5]
HAL_RTCEx_RTCEventErrorCallback
                         0x800'e2f9     0x2  Code  Wk  stm32f1xx_hal_rtc_ex.o [5]
HAL_RTCEx_RTCIRQHandler
                         0x800'9469    0x48  Code  Gb  stm32f1xx_hal_rtc_ex.o [5]
HAL_RTCEx_SetSecond_IT   0x800'9435    0x34  Code  Gb  stm32f1xx_hal_rtc_ex.o [5]
HAL_RTC_GetDate          0x800'905d    0x60  Code  Gb  stm32f1xx_hal_rtc.o [5]
HAL_RTC_GetTime          0x800'8e67   0x110  Code  Gb  stm32f1xx_hal_rtc.o [5]
HAL_RTC_Init             0x800'8cc5    0xca  Code  Gb  stm32f1xx_hal_rtc.o [5]
HAL_RTC_MspInit          0x800'56fb    0x3c  Code  Gb  rtc.o [2]
HAL_RTC_SetDate          0x800'8f77    0xe6  Code  Gb  stm32f1xx_hal_rtc.o [5]
HAL_RTC_SetTime          0x800'8d8f    0xd8  Code  Gb  stm32f1xx_hal_rtc.o [5]
HAL_RTC_WaitForSynchro   0x800'90cd    0x3e  Code  Gb  stm32f1xx_hal_rtc.o [5]
HAL_SPI_Init             0x800'41b9    0xc4  Code  Gb  stm32f1xx_hal_spi.o [5]
HAL_SPI_MspInit          0x800'5c81    0xce  Code  Gb  spi.o [2]
HAL_SPI_Transmit         0x800'427d   0x1c4  Code  Gb  stm32f1xx_hal_spi.o [5]
HAL_SYSTICK_Config       0x800'797f     0xc  Code  Gb  stm32f1xx_hal_cortex.o [5]
HAL_TIMEx_BreakCallback
                         0x800'ab7f     0x2  Code  Wk  stm32f1xx_hal_tim_ex.o [5]
HAL_TIMEx_CommutCallback
                         0x800'ab83     0x2  Code  Wk  stm32f1xx_hal_tim_ex.o [5]
HAL_TIMEx_MasterConfigSynchronization
                         0x800'77dd    0x6e  Code  Gb  stm32f1xx_hal_tim_ex.o [5]
HAL_TIM_Base_Init        0x800'6d39    0x6e  Code  Gb  stm32f1xx_hal_tim.o [5]
HAL_TIM_Base_MspInit     0x800'477d    0x34  Code  Gb  tim.o [2]
HAL_TIM_Base_Start_IT    0x800'6da7    0x72  Code  Gb  stm32f1xx_hal_tim.o [5]
HAL_TIM_ConfigClockSource
                         0x800'726b    0xf4  Code  Gb  stm32f1xx_hal_tim.o [5]
HAL_TIM_IC_CaptureCallback
                         0x800'ab79     0x2  Code  Wk  stm32f1xx_hal_tim.o [5]
HAL_TIM_IRQHandler       0x800'6ff9   0x176  Code  Gb  stm32f1xx_hal_tim.o [5]
HAL_TIM_MspPostInit      0x800'47d7    0x4c  Code  Gb  tim.o [2]
HAL_TIM_OC_DelayElapsedCallback
                         0x800'ab7b     0x2  Code  Wk  stm32f1xx_hal_tim.o [5]
HAL_TIM_PWM_ConfigChannel
                         0x800'716f    0xfc  Code  Gb  stm32f1xx_hal_tim.o [5]
HAL_TIM_PWM_Init         0x800'6e19    0x6e  Code  Gb  stm32f1xx_hal_tim.o [5]
HAL_TIM_PWM_MspDeInit    0x800'4823    0x18  Code  Gb  tim.o [2]
HAL_TIM_PWM_MspInit      0x800'47b1    0x26  Code  Gb  tim.o [2]
HAL_TIM_PWM_PulseFinishedCallback
                         0x800'ab7d     0x2  Code  Wk  stm32f1xx_hal_tim.o [5]
HAL_TIM_PWM_Start        0x800'6e87    0xca  Code  Gb  stm32f1xx_hal_tim.o [5]
HAL_TIM_PWM_Stop         0x800'6f59    0x98  Code  Gb  stm32f1xx_hal_tim.o [5]
HAL_TIM_PeriodElapsedCallback
                         0x800'54b5    0xa8  Code  Gb  tim.o [2]
HAL_TIM_PeriodElapsedCallback::DispI2CPageNum
                        0x2000'4bd7     0x1  Data  Lc  tim.o [2]
HAL_TIM_PeriodElapsedCallback::wOLEDCnt
                        0x2000'4bd6     0x1  Data  Lc  tim.o [2]
HAL_TIM_PeriodElapsedCallback::wT2_5ms
                        0x2000'4bd4     0x1  Data  Lc  tim.o [2]
HAL_TIM_PeriodElapsedCallback::wTimerCnt
                        0x2000'4bd5     0x1  Data  Lc  tim.o [2]
HAL_TIM_TriggerCallback
                         0x800'ab81     0x2  Code  Wk  stm32f1xx_hal_tim.o [5]
HAL_UARTEx_RxEventCallback
                         0x800'f3c1     0x2  Code  Wk  stm32f1xx_hal_uart.o [5]
HAL_UART_DMAStop         0x800'e58f    0x92  Code  Gb  stm32f1xx_hal_uart.o [5]
HAL_UART_ErrorCallback   0x800'b24b    0x6e  Code  Gb  my_usart.o [3]
HAL_UART_IRQHandler      0x800'e621   0x2c0  Code  Gb  stm32f1xx_hal_uart.o [5]
HAL_UART_Init            0x800'e355    0x7a  Code  Gb  stm32f1xx_hal_uart.o [5]
HAL_UART_MspInit         0x800'be49   0x2ba  Code  Gb  usart.o [2]
HAL_UART_Receive_DMA     0x800'e559    0x36  Code  Gb  stm32f1xx_hal_uart.o [5]
HAL_UART_Receive_IT      0x800'e48f    0x36  Code  Gb  stm32f1xx_hal_uart.o [5]
HAL_UART_RxCpltCallback
                         0x800'b2b9    0x3e  Code  Gb  my_usart.o [3]
HAL_UART_RxHalfCpltCallback
                         0x800'f3c5     0x2  Code  Wk  stm32f1xx_hal_uart.o [5]
HAL_UART_RxIdleCallback
                         0x800'b353    0x58  Code  Gb  my_usart.o [3]
HAL_UART_Transmit        0x800'e3cf    0xc0  Code  Gb  stm32f1xx_hal_uart.o [5]
HAL_UART_Transmit_DMA    0x800'e4c5    0x88  Code  Gb  stm32f1xx_hal_uart.o [5]
HAL_UART_TxCpltCallback
                         0x800'b2f7    0x5c  Code  Gb  my_usart.o [3]
HAL_UART_TxHalfCpltCallback
                         0x800'f3c3     0x2  Code  Wk  stm32f1xx_hal_uart.o [5]
HAN16X16                 0x800'f3c8  0x2d00  Data  Lc  BiosFont.o [3]
HardFault_Handler        0x801'6197     0x2  Code  Gb  stm32f1xx_it.o [2]
I2C1_ER_IRQHandler       0x801'6d31          Code  Wk  startup_stm32f103xb.o [1]
I2C1_EV_IRQHandler       0x801'6d2d          Code  Wk  startup_stm32f103xb.o [1]
I2C2_ER_IRQHandler       0x801'6d39          Code  Wk  startup_stm32f103xb.o [1]
I2C2_EV_IRQHandler       0x801'6d35          Code  Wk  startup_stm32f103xb.o [1]
I2CGetData               0x800'5a27   0x190  Code  Gb  i2c.o [2]
I2C_IsAcknowledgeFailed
                         0x800'a08b    0x38  Code  Lc  stm32f1xx_hal_i2c.o [5]
I2C_MasterRequestRead    0x800'9c47   0x146  Code  Lc  stm32f1xx_hal_i2c.o [5]
I2C_MasterRequestWrite   0x800'9b7d    0xca  Code  Lc  stm32f1xx_hal_i2c.o [5]
I2C_WaitOnBTFFlagUntilTimeout
                         0x800'9fa5    0x60  Code  Lc  stm32f1xx_hal_i2c.o [5]
I2C_WaitOnFlagUntilTimeout
                         0x800'9d8d    0xc6  Code  Lc  stm32f1xx_hal_i2c.o [5]
I2C_WaitOnMasterAddressFlagUntilTimeout
                         0x800'9e53    0xf2  Code  Lc  stm32f1xx_hal_i2c.o [5]
I2C_WaitOnRXNEFlagUntilTimeout
                         0x800'a011    0x7a  Code  Lc  stm32f1xx_hal_i2c.o [5]
I2C_WaitOnTXEFlagUntilTimeout
                         0x800'9f45    0x60  Code  Lc  stm32f1xx_hal_i2c.o [5]
IMG_WeatherIcon          0x801'3324   0xa00  Data  Lc  BiosApp.o [3]
InitFlashMemory          0x800'82bd    0xcc  Code  Gb  Flash.o [3]
InitKey                  0x800'4c9b     0xa  Code  Gb  tim.o [2]
InitMax7219              0x800'2bc9   0x19c  Code  Gb  max7219.o [3]
InitMessage              0x800'75c5    0xc2  Code  Gb  main.o [2]
InitOLED                 0x800'8c35    0x60  Code  Gb  SSD1306.o [3]
InitUart                 0x800'b957    0x28  Code  Gb  my_usart.o [3]
InitWiFi                 0x800'c269    0x3c  Code  Gb  BiosUart.o [3]
IntroKey                 0x800'4ba3    0xf8  Code  Gb  tim.o [2]
IsKeyPress               0x800'4ca5     0x8  Code  Gb  tim.o [2]
KStoKSSM                 0x800'de99    0x9c  Code  Gb  BiosFont.o [3]
KeyCnt                  0x2000'4bcf     0x1  Data  Gb  tim.o [2]
KeyCode                 0x2000'4bd2     0x1  Data  Gb  tim.o [2]
KeyPressLong            0x2000'4bd3     0x1  Data  Gb  tim.o [2]
KeyProcess               0x800'4ce1   0x7c8  Code  Gb  tim.o [2]
MAX7219_BufClear         0x800'2ad5    0x68  Code  Gb  max7219.o [3]
MAX7219_Clear            0x800'2b4d    0x4c  Code  Gb  max7219.o [3]
MAX7219_SetReg           0x800'2a8b    0x44  Code  Gb  max7219.o [3]
MAX7219_WholeMatrix      0x800'00ff    0x50  Code  Gb  max7219.o [3]
MX_DMA_Init              0x800'bd25    0x7c  Code  Gb  dma.o [2]
MX_GPIO_Init             0x800'bbf5   0x130  Code  Gb  gpio.o [2]
MX_I2C1_Init             0x800'5995    0x38  Code  Gb  i2c.o [2]
MX_RTC_Init              0x800'566d    0x8e  Code  Gb  rtc.o [2]
MX_SPI1_Init             0x800'5bf5    0x46  Code  Gb  spi.o [2]
MX_SPI2_Init             0x800'5c3b    0x46  Code  Gb  spi.o [2]
MX_TIM2_Init             0x800'466d    0x82  Code  Gb  tim.o [2]
MX_TIM3_Init             0x800'46ef    0x8e  Code  Gb  tim.o [2]
MX_USART1_UART_Init      0x800'bda1    0x38  Code  Gb  usart.o [2]
MX_USART2_UART_Init      0x800'bdd9    0x38  Code  Gb  usart.o [2]
MX_USART3_UART_Init      0x800'be11    0x38  Code  Gb  usart.o [2]
MatrixDispNum            0x800'0a35    0xe8  Code  Gb  max7219.o [3]
MemManage_Handler        0x801'6199     0x2  Code  Gb  stm32f1xx_it.o [2]
MonthComp                0x801'65cc    0x24  Data  Lc  BiosUart.o [3]
MonthLastDay             0x801'6974    0x10  Data  Lc  BiosUart.o [3]
NMI_Handler              0x801'6195     0x2  Code  Gb  stm32f1xx_it.o [2]
NVIC_EncodePriority      0x800'78cb    0x40  Code  Lc  stm32f1xx_hal_cortex.o [5]
OLEDAreaCodeDisp         0x800'd3df    0x82  Code  Gb  BiosApp.o [3]
OLEDClockNumber          0x800'd783    0xec  Code  Gb  BiosApp.o [3]
OLEDDispIcon             0x800'd86f    0x5e  Code  Gb  BiosApp.o [3]
OLEDIPAddress            0x800'd399    0x46  Code  Gb  BiosApp.o [3]
OLEDWeather              0x800'd471   0x232  Code  Gb  BiosApp.o [3]
OldScanCode             0x2000'4bd0     0x1  Data  Gb  tim.o [2]
PVD_IRQHandler           0x801'6cd5          Code  Wk  startup_stm32f103xb.o [1]
PendSV_Handler           0x801'61a3     0x2  Code  Gb  stm32f1xx_it.o [2]
PortToDeviceID           0x800'bb61    0x38  Code  Gb  my_usart.o [3]
R90_Font5x8              0x801'5e34   0x1e0  Data  Lc  max7219.o [3]
RCC_Delay                0x800'b15f    0x26  Code  Lc  stm32f1xx_hal_rcc.o [5]
RCC_IRQHandler           0x801'6ce1          Code  Wk  startup_stm32f103xb.o [1]
RTC_Alarm_IRQHandler     0x801'6d49          Code  Wk  startup_stm32f103xb.o [1]
RTC_Bcd2ToByte           0x800'9265    0x18  Code  Lc  stm32f1xx_hal_rtc.o [5]
RTC_ByteToBcd2           0x800'924d    0x18  Code  Lc  stm32f1xx_hal_rtc.o [5]
RTC_DateUpdate           0x800'927d    0xe2  Code  Lc  stm32f1xx_hal_rtc.o [5]
RTC_EnterInitMode        0x800'91e1    0x36  Code  Lc  stm32f1xx_hal_rtc.o [5]
RTC_ExitInitMode         0x800'9217    0x36  Code  Lc  stm32f1xx_hal_rtc.o [5]
RTC_IRQHandler           0x801'61ad    0x38  Code  Gb  stm32f1xx_it.o [2]
RTC_IsLeapYear           0x800'935f    0x40  Code  Lc  stm32f1xx_hal_rtc.o [5]
RTC_ReadAlarmCounter     0x800'918b    0x1c  Code  Lc  stm32f1xx_hal_rtc.o [5]
RTC_ReadTimeCounter      0x800'910b    0x46  Code  Lc  stm32f1xx_hal_rtc.o [5]
RTC_WeekDayNum           0x800'939f    0x94  Code  Lc  stm32f1xx_hal_rtc.o [5]
RTC_WriteAlarmCounter    0x800'91a7    0x3a  Code  Lc  stm32f1xx_hal_rtc.o [5]
RTC_WriteTimeCounter     0x800'9151    0x3a  Code  Lc  stm32f1xx_hal_rtc.o [5]
ReadPoint                0x800'02dd    0x5a  Code  Gb  max7219.o [3]
Region$$Table$$Base      0x801'65f0           --   Gb  - Linker created -
Region$$Table$$Limit     0x801'6610           --   Gb  - Linker created -
Reset_Handler            0x801'6a85          Code  Wk  startup_stm32f103xb.o [1]
SFont8x8                 0x801'4a54   0x300  Data  Lc  max7219.o [3]
SFont8x8                 0x801'5354   0x300  Data  Lc  SSD1306.o [3]
SPI1WriteByte            0x800'00ed    0x12  Code  Gb  max7219.o [3]
SPI1_IRQHandler          0x801'6d3d          Code  Wk  startup_stm32f103xb.o [1]
SPI2WriteByte            0x800'84e5    0x1c  Code  Gb  SSD1306.o [3]
SPI2_IRQHandler          0x801'6d41          Code  Wk  startup_stm32f103xb.o [1]
SPI_EndRxTxTransaction   0x800'451b    0x2a  Code  Lc  stm32f1xx_hal_spi.o [5]
SPI_WaitFlagStateUntilTimeout
                         0x800'4441    0xda  Code  Lc  stm32f1xx_hal_spi.o [5]
SVC_Handler              0x801'619f     0x2  Code  Gb  stm32f1xx_it.o [2]
ScaleVal                0x2000'001c    0x4c  Data  Lc  tim.o [2]
ScanCode                0x2000'4bd1     0x1  Data  Gb  tim.o [2]
SendString               0x800'c17b    0x40  Code  Gb  BiosUart.o [3]
Serial                  0x2000'4bb4     0x8  Data  Gb  BiosUart.o [3]
SerialDust               0x800'd0d5    0x7a  Code  Gb  BiosUart.o [3]
SerialDust::bSeData     0x2000'4ad4    0x34  Data  Lc  BiosUart.o [3]
SerialDust::cnt         0x2000'4bc7     0x1  Data  Lc  BiosUart.o [3]
SerialProcess            0x800'cd51   0x2ee  Code  Gb  BiosUart.o [3]
SerialWifi               0x800'd045    0x86  Code  Gb  BiosUart.o [3]
SerialWifi::bSeData     0x2000'30ec   0x400  Data  Lc  BiosUart.o [3]
SerialWifi::cnt         0x2000'4bc4     0x2  Data  Lc  BiosUart.o [3]
SetBuzzer                0x800'49ad    0x10  Code  Gb  tim.o [2]
SetTimer                 0x800'4857    0x16  Code  Gb  tim.o [2]
SmallCharPoint           0x800'023b    0xa2  Code  Gb  max7219.o [3]
SysTick_Config           0x800'790b    0x30  Code  Lc  stm32f1xx_hal_cortex.o [5]
SysTick_Handler          0x801'61a5     0x8  Code  Gb  stm32f1xx_it.o [2]
SystemClock_Config       0x800'773d    0x9a  Code  Gb  main.o [2]
SystemCoreClock         0x2000'0018     0x4  Data  Gb  system_stm32f1xx.o [4]
SystemInit               0x801'6d51     0x2  Code  Gb  system_stm32f1xx.o [4]
TAMPER_IRQHandler        0x801'6cd9          Code  Wk  startup_stm32f103xb.o [1]
TIM1_BRK_IRQHandler      0x801'6d15          Code  Wk  startup_stm32f103xb.o [1]
TIM1_CC_IRQHandler       0x801'6d21          Code  Wk  startup_stm32f103xb.o [1]
TIM1_TRG_COM_IRQHandler
                         0x801'6d1d          Code  Wk  startup_stm32f103xb.o [1]
TIM1_UP_IRQHandler       0x801'6d19          Code  Wk  startup_stm32f103xb.o [1]
TIM2_IRQHandler          0x801'6221     0xa  Code  Gb  stm32f1xx_it.o [2]
TIM3_IRQHandler          0x801'6d25          Code  Wk  startup_stm32f103xb.o [1]
TIM4_IRQHandler          0x801'6d29          Code  Wk  startup_stm32f103xb.o [1]
TIM_Base_SetConfig       0x800'735f    0x64  Code  Gb  stm32f1xx_hal_tim.o [5]
TIM_CCxChannelCmd        0x800'75a1    0x24  Code  Gb  stm32f1xx_hal_tim.o [5]
TIM_ETR_SetConfig        0x800'758b    0x16  Code  Gb  stm32f1xx_hal_tim.o [5]
TIM_ITRx_SetConfig       0x800'757b    0x10  Code  Lc  stm32f1xx_hal_tim.o [5]
TIM_OC1_SetConfig        0x800'73c3    0x58  Code  Lc  stm32f1xx_hal_tim.o [5]
TIM_OC2_SetConfig        0x800'741b    0x62  Code  Gb  stm32f1xx_hal_tim.o [5]
TIM_OC3_SetConfig        0x800'747d    0x60  Code  Lc  stm32f1xx_hal_tim.o [5]
TIM_OC4_SetConfig        0x800'74dd    0x46  Code  Lc  stm32f1xx_hal_tim.o [5]
TIM_TI1_ConfigInputStage
                         0x800'7531    0x24  Code  Lc  stm32f1xx_hal_tim.o [5]
TIM_TI2_ConfigInputStage
                         0x800'7555    0x26  Code  Lc  stm32f1xx_hal_tim.o [5]
TimeCompare              0x800'5737    0x30  Code  Gb  rtc.o [2]
TimeParse                0x800'c8e7   0x18a  Code  Gb  BiosUart.o [3]
UARTChannel             0x2000'461c    0xb4  Data  Gb  my_usart.o [3]
UART_DMAAbortOnError     0x800'ec81    0x16  Code  Lc  stm32f1xx_hal_uart.o [5]
UART_DMAError            0x800'ea13    0x58  Code  Lc  stm32f1xx_hal_uart.o [5]
UART_DMAReceiveCplt      0x800'e943    0xaa  Code  Lc  stm32f1xx_hal_uart.o [5]
UART_DMARxHalfCplt       0x800'e9ed    0x26  Code  Lc  stm32f1xx_hal_uart.o [5]
UART_DMATransmitCplt     0x800'e8e1    0x54  Code  Lc  stm32f1xx_hal_uart.o [5]
UART_DMATxHalfCplt       0x800'e935     0xe  Code  Lc  stm32f1xx_hal_uart.o [5]
UART_EndRxTransfer       0x800'ec19    0x66  Code  Lc  stm32f1xx_hal_uart.o [5]
UART_EndTransmit_IT      0x800'ecff    0x20  Code  Lc  stm32f1xx_hal_uart.o [5]
UART_EndTxTransfer       0x800'ebf5    0x24  Code  Lc  stm32f1xx_hal_uart.o [5]
UART_Receive_IT          0x800'ed1f    0xf6  Code  Lc  stm32f1xx_hal_uart.o [5]
UART_SetConfig           0x800'ee15    0xd8  Code  Lc  stm32f1xx_hal_uart.o [5]
UART_Start_Receive_DMA   0x800'eb3f    0xb6  Code  Gb  stm32f1xx_hal_uart.o [5]
UART_Start_Receive_IT    0x800'eafb    0x44  Code  Gb  stm32f1xx_hal_uart.o [5]
UART_Transmit_IT         0x800'ec99    0x66  Code  Lc  stm32f1xx_hal_uart.o [5]
UART_WaitOnFlagUntilTimeout
                         0x800'ea6b    0x90  Code  Lc  stm32f1xx_hal_uart.o [5]
UIF_Message             0x2000'3cec   0x400  Data  Gb  my_usart.o [3]
UIF_SendString           0x800'b1cd    0x7e  Code  Gb  my_usart.o [3]
UIF_Send_String         0x2000'38ec   0x400  Data  Gb  my_usart.o [3]
USART1_IRQHandler        0x801'622b    0x34  Code  Gb  stm32f1xx_it.o [2]
USART2_IRQHandler        0x801'625f    0x34  Code  Gb  stm32f1xx_it.o [2]
USART3_IRQHandler        0x801'6293    0x34  Code  Gb  stm32f1xx_it.o [2]
USBWakeUp_IRQHandler     0x801'6d4d          Code  Wk  startup_stm32f103xb.o [1]
USB_HP_CAN1_TX_IRQHandler
                         0x801'6d01          Code  Wk  startup_stm32f103xb.o [1]
USB_LP_CAN1_RX0_IRQHandler
                         0x801'6d05          Code  Wk  startup_stm32f103xb.o [1]
UsageFault_Handler       0x801'619d     0x2  Code  Gb  stm32f1xx_it.o [2]
WWDG_IRQHandler          0x801'6cd1          Code  Wk  startup_stm32f103xb.o [1]
WatchBuzzer              0x800'49bd   0x1e6  Code  Gb  tim.o [2]
WeatherKor               0x800'd6b1    0xd2  Code  Gb  BiosApp.o [3]
WeatherParse             0x800'ca71   0x2c6  Code  Gb  BiosUart.o [3]
WeatherState             0x801'6314    0x40  Data  Lc  max7219.o [3]
WifiProcess              0x800'c2ad   0x462  Code  Gb  BiosUart.o [3]
WindDirName              0x801'6354    0x38  Data  Lc  BiosApp.o [3]
Work_PortMsgLog          0x800'b3ab    0x28  Code  Gb  my_usart.o [3]
_Encoding_8859_1_Mbrlen
                         0x800'5661     0x2  Code  Gb  xencoding_8859_1.o [6]
_Encoding_8859_1_Wctomb
                         0x800'564f    0x12  Code  Gb  xencoding_8859_1.o [6]
_HanCodeTable            0x801'20c8  0x125c  Data  Lc  BiosFont.o [3]
_LC                      0x800'5d7d     0x6  Code  Lc  xprintffull.o [6]
_LitobFull               0x800'6b83   0x114  Code  Lc  xprintffull.o [6]
_Locale_lconv           0x2000'0068    0x38  Data  Lc  xlocale_c.o [6]
_PrintfFull              0x800'5d83   0xbb0  Code  Gb  xprintffull.o [6]
_PutcharsFull            0x800'6ced    0x2e  Code  Lc  xprintffull.o [6]
_PutstrFull              0x800'6ac3    0xc0  Code  Lc  xprintffull.o [6]
_PuttxtFull              0x800'69b7   0x10c  Code  Lc  xprintffull.o [6]
_SProut                  0x800'6d2f     0xa  Code  Gb  xsprout.o [6]
__NVIC_EnableIRQ         0x800'7881    0x1e  Code  Lc  stm32f1xx_hal_cortex.o [5]
__NVIC_GetPriorityGrouping
                         0x800'7877     0xa  Code  Lc  stm32f1xx_hal_cortex.o [5]
__NVIC_SetPriority       0x800'789f    0x2c  Code  Lc  stm32f1xx_hal_cortex.o [5]
__NVIC_SetPriorityGrouping
                         0x800'7859    0x1e  Code  Lc  stm32f1xx_hal_cortex.o [5]
__NVIC_SystemReset       0x800'c15d    0x1e  Code  Lc  BiosUart.o [3]
__aeabi_cdcmple          0x800'a305          Code  Gb  DblCmpLe.o [7]
__aeabi_cdrcmple         0x800'a339          Code  Gb  DblCmpGe.o [7]
__aeabi_cfcmple          0x800'a109          Code  Gb  FltCmpLe.o [7]
__aeabi_d2f              0x800'7ee9          Code  Gb  DblToFlt.o [7]
__aeabi_d2iz             0x800'a4a9          Code  Gb  DblToS32.o [7]
__aeabi_d2uiz            0x800'a755          Code  Gb  DblToU32.o [7]
__aeabi_ddiv             0x800'7ca1          Code  Gb  DblDiv.o [7]
__aeabi_dmul             0x800'a795          Code  Gb  DblMul.o [7]
__aeabi_dsub             0x800'a671          Code  Gb  DblAddSub.o [7]
__aeabi_f2d              0x800'7c59          Code  Gb  FltToDbl.o [7]
__aeabi_f2iz             0x800'a0e1          Code  Gb  FltToS32.o [7]
__aeabi_f2uiz            0x800'818d          Code  Gb  FltToU32.o [7]
__aeabi_fadd             0x800'8029          Code  Gb  FltAddSub.o [7]
__aeabi_fdiv             0x800'81a5          Code  Gb  FltDiv.o [7]
__aeabi_fmul             0x800'7f51          Code  Gb  FltMul.o [7]
__aeabi_i2d              0x800'a4e1          Code  Gb  S32ToDbl.o [7]
__aeabi_ldiv0            0x800'e305          Code  Gb  I64DivZer.o [8]
__aeabi_llsr             0x800'f38d          Code  Gb  U64Shr.o [8]
__aeabi_memcpy           0x800'55a9          Code  Gb  ABImemcpy.o [8]
__aeabi_memcpy4          0x800'55c9          Code  Gb  ABImemcpy.o [8]
__aeabi_memcpy8          0x800'55c9          Code  Gb  ABImemcpy.o [8]
__aeabi_memset           0x800'4549          Code  Gb  ABImemset.o [8]
__aeabi_ui2d             0x800'a779          Code  Gb  U32ToDbl.o [7]
__aeabi_ui2f             0x800'a0c5          Code  Gb  U32ToFlt.o [7]
__aeabi_uldivmod         0x800'a949          Code  Gb  I64DivMod.o [8]
__cmain                  0x801'6671          Code  Gb  cmain.o [8]
__exit                   0x800'f3ad    0x14  Code  Gb  exit.o [9]
__iar_Fail_s             0x800'a1c5    0x1c  Code  Gb  xfail_s.o [6]
__iar_Mbcurmax           0x800'a93f     0xa  Code  Gb  xmbcurmax.o [6]
__iar_Memchr             0x800'a23d          Code  Gb  memchr.o [8]
__iar_Memset             0x800'4549          Code  Gb  ABImemset.o [8]
__iar_Memset_word        0x800'4551          Code  Gb  ABImemset.o [8]
__iar_Strchr             0x800'a1ad          Code  Gb  strchr.o [8]
__iar_data_init3         0x801'65a5    0x28  Code  Gb  data_init.o [8]
__iar_frexp              0x800'a2a1          Code  Gb  frexp.o [7]
__iar_frexp64            0x800'a295          Code  Gb  frexp.o [7]
__iar_frexpl             0x800'a2a1          Code  Gb  frexp.o [7]
__iar_globLocale        0x2000'00a0    0x48  Data  Lc  xlocale_c.o [6]
__iar_global_Locale      0x800'a131     0x4  Code  Gb  xlocale_c.o [6]
__iar_ldexp64            0x800'a36d          Code  Gb  ldexp.o [7]
__iar_lz77_init_single3
                         0x800'45af    0x7e  Code  Gb  lz77_init_single.o [8]
__iar_program_start      0x801'66dd          Code  Gb  cstartup_M.o [8]
__iar_scalbln64          0x800'a36d          Code  Gb  ldexp.o [7]
__iar_scalbn64           0x800'a36d          Code  Gb  ldexp.o [7]
__iar_zero_init3         0x801'638d    0x38  Code  Gb  zero_init3.o [8]
__low_level_init         0x801'668f     0x4  Code  Gb  low_level_init.o [6]
__vector_table           0x800'0000          Data  Gb  startup_stm32f103xb.o [1]
_call_main               0x801'667d          Code  Gb  cmain.o [8]
_exit                    0x801'6699          Code  Gb  cexit.o [8]
_first                   0x801'6610    0x20  Data  Lc  BiosFont.o [3]
_gLocale_mblen           0x800'a199     0x4  Code  Gb  xlocale_c.o [6]
_gLocale_mblenInt        0x800'a15d    0x2c  Code  Gb  xlocale_c.o [6]
_gLocale_wctomb          0x800'a19d     0x4  Code  Gb  xlocale_c.o [6]
_gLocale_wctombInt       0x800'a195     0x4  Code  Gb  xlocale_c.o [6]
_last                    0x801'6650    0x20  Data  Lc  BiosFont.o [3]
_middle                  0x801'6630    0x20  Data  Lc  BiosFont.o [3]
abMag_2X                 0x801'6964    0x10  Data  Lc  BiosFont.o [3]
abort                    0x800'e2fd     0x6  Code  Gb  abort.o [6]
bitRevTable              0x801'6a34    0x10  Data  Lc  max7219.o [3]
buzVal                  0x2000'4ba8     0xc  Data  Gb  tim.o [2]
c_chFont0708             0x801'5054   0x300  Data  Lc  max7219.o [3]
c_chFont1612             0x801'6014   0x180  Data  Lc  SSD1306.o [3]
c_chFont3216             0x801'5954   0x300  Data  Lc  SSD1306.o [3]
cho                      0x801'6710    0x18  Data  Lc  BiosFont.o [3]
cho2                     0x801'6728    0x18  Data  Lc  BiosFont.o [3]
delay_us                 0x800'0151    0x32  Code  Gb  max7219.o [3]
dust                    0x2000'4b08    0x28  Data  Gb  BiosApp.o [3]
exit                     0x801'6693     0x4  Code  Gb  exit.o [6]
frexp                    0x800'a295          Code  Gb  frexp.o [7]
frexpl                   0x800'a295          Code  Gb  frexp.o [7]
gbDispaly12864          0x2000'40ec   0x400  Data  Gb  SSD1306.o [3]
hdma_usart1_rx          0x2000'493c    0x44  Data  Gb  usart.o [2]
hdma_usart1_tx          0x2000'4980    0x44  Data  Gb  usart.o [2]
hdma_usart2_rx          0x2000'49c4    0x44  Data  Gb  usart.o [2]
hdma_usart2_tx          0x2000'4a08    0x44  Data  Gb  usart.o [2]
hdma_usart3_rx          0x2000'4a4c    0x44  Data  Gb  usart.o [2]
hdma_usart3_tx          0x2000'4a90    0x44  Data  Gb  usart.o [2]
hi2c1                   0x2000'4780    0x54  Data  Gb  i2c.o [2]
hrtc                    0x2000'4b70    0x14  Data  Gb  rtc.o [2]
hspi1                   0x2000'46d0    0x58  Data  Gb  spi.o [2]
hspi2                   0x2000'4728    0x58  Data  Gb  spi.o [2]
htim2                   0x2000'47d4    0x48  Data  Gb  tim.o [2]
htim3                   0x2000'481c    0x48  Data  Gb  tim.o [2]
huart1                  0x2000'4864    0x48  Data  Gb  usart.o [2]
huart2                  0x2000'48ac    0x48  Data  Gb  usart.o [2]
huart3                  0x2000'48f4    0x48  Data  Gb  usart.o [2]
jong                     0x801'6740    0x18  Data  Lc  BiosFont.o [3]
ldexp                    0x800'a36d          Code  Gb  ldexp.o [7]
ldexpl                   0x800'a36d          Code  Gb  ldexp.o [7]
localeconv               0x800'a1a1     0x4  Code  Gb  xlocale_c.o [6]
main                     0x800'7687    0x7c  Code  Gb  main.o [2]
memchr                   0x800'a23d          Code  Gb  memchr.o [8]
memcmp                   0x800'db6d          Code  Gb  memcmp.o [8]
memset                   0x800'e2e5    0x14  Code  Gb  memset.o [8]
pFlash                  0x2000'4b50    0x20  Data  Gb  stm32f1xx_hal_flash.o [5]
rom                     0x2000'34ec   0x400  Data  Gb  Flash.o [3]
rtc_gettime              0x800'5933    0x4a  Code  Gb  rtc.o [2]
rtc_settime              0x800'58bf    0x74  Code  Gb  rtc.o [2]
rx_dma_buffer           0x2000'18ec   0xc00  Data  Gb  my_usart.o [3]
rx_ring_buffer          0x2000'00ec   0xc00  Data  Gb  my_usart.o [3]
scalbln                  0x800'a36d          Code  Gb  ldexp.o [7]
scalblnl                 0x800'a36d          Code  Gb  ldexp.o [7]
scalbn                   0x800'a36d          Code  Gb  ldexp.o [7]
scalbnl                  0x800'a36d          Code  Gb  ldexp.o [7]
scale                    0x800'6c97    0x46  Code  Lc  xprintffull.o [6]
sec_hand                0x2000'4bc0     0x4  Data  Lc  xfail_s.o [6]
sprintf                  0x800'462d    0x40  Code  Gb  sprintf.o [6]
ssd1306_0807_string      0x800'883f    0x40  Code  Gb  SSD1306.o [3]
ssd1306_clear_screen     0x800'85c1    0x6c  Code  Gb  SSD1306.o [3]
ssd1306_draw_0807char    0x800'8789    0xb6  Code  Gb  SSD1306.o [3]
ssd1306_draw_1608char    0x800'887f    0x72  Code  Gb  SSD1306.o [3]
ssd1306_draw_1612char    0x800'88f1    0x84  Code  Gb  SSD1306.o [3]
ssd1306_draw_1616char    0x800'8975    0x72  Code  Gb  SSD1306.o [3]
ssd1306_draw_3216char    0x800'8a9f    0x84  Code  Gb  SSD1306.o [3]
ssd1306_draw_bitmap      0x800'86c9    0xc0  Code  Gb  SSD1306.o [3]
ssd1306_draw_point       0x800'862d    0x9c  Code  Gb  SSD1306.o [3]
ssd1306_init             0x800'8b23   0x112  Code  Gb  SSD1306.o [3]
ssd1306_refresh_gram     0x800'8543    0x7e  Code  Gb  SSD1306.o [3]
ssd1306_write_byte       0x800'8501    0x42  Code  Gb  SSD1306.o [3]
strchr                   0x800'a1ad          Code  Gb  strchr.o [8]
strlen                   0x800'a205          Code  Gb  strlen.o [8]
strncmp                  0x800'f361    0x2a  Code  Gb  strncmp.o [6]
sys                     0x2000'44ec   0x130  Data  Gb  my_usart.o [3]
tx_dma_buffer           0x2000'24ec   0xc00  Data  Gb  my_usart.o [3]
tx_ring_buffer          0x2000'0cec   0xc00  Data  Gb  my_usart.o [3]
uatoi                    0x800'c1bb    0x38  Code  Gb  BiosUart.o [3]
uwTick                  0x2000'4bbc     0x4  Data  Gb  stm32f1xx_hal.o [5]
uwTickFreq              0x2000'00e8     0x1  Data  Gb  stm32f1xx_hal.o [5]
uwTickPrio              0x2000'0014     0x4  Data  Gb  stm32f1xx_hal.o [5]
vsprintf                 0x800'ef01    0x34  Code  Gb  vsprintf.o [6]
wTmr                    0x2000'4b84    0x14  Data  Gb  tim.o [2]
weather                 0x2000'4b30    0x1c  Data  Gb  BiosApp.o [3]


[1] = D:\OneDrive_hcs7878\OneDrive\STM32\02_IAR9_3_Only\DotmatrixCubeMx_V1_6_8digit\EWARM\DotmatrixCubeMx_V1_0\Obj\Application\EWARM
[2] = D:\OneDrive_hcs7878\OneDrive\STM32\02_IAR9_3_Only\DotmatrixCubeMx_V1_6_8digit\EWARM\DotmatrixCubeMx_V1_0\Obj\Application\User\Core
[3] = D:\OneDrive_hcs7878\OneDrive\STM32\02_IAR9_3_Only\DotmatrixCubeMx_V1_6_8digit\EWARM\DotmatrixCubeMx_V1_0\Obj\Application\mycode
[4] = D:\OneDrive_hcs7878\OneDrive\STM32\02_IAR9_3_Only\DotmatrixCubeMx_V1_6_8digit\EWARM\DotmatrixCubeMx_V1_0\Obj\Drivers\CMSIS
[5] = D:\OneDrive_hcs7878\OneDrive\STM32\02_IAR9_3_Only\DotmatrixCubeMx_V1_6_8digit\EWARM\DotmatrixCubeMx_V1_0\Obj\Drivers\STM32F1xx_HAL_Driver
[6] = dl7M_tlf.a
[7] = m7M_tl.a
[8] = rt7M_tl.a
[9] = shb_l.a

  63'101 bytes of readonly  code memory
  30'570 bytes of readonly  data memory
  20'437 bytes of readwrite data memory

Errors: none
Warnings: none
