###############################################################################
#
# IAR ELF Linker V9.30.1.335/W64 for ARM                  25/Aug/2023  00:17:02
# Copyright 2007-2022 IAR Systems AB.
#
#    Output file  =
#        D:\OneDrive_hcs7878\OneDrive\STM32\02_IAR9_3_Only\DotmatrixCubeMx_V1_1\EWARM\DotmatrixCubeMx_V1_0\Exe\DotmatrixCubeMx_V1_0.out
#    Map file     =
#        D:\OneDrive_hcs7878\OneDrive\STM32\02_IAR9_3_Only\DotmatrixCubeMx_V1_1\EWARM\DotmatrixCubeMx_V1_0\List\DotmatrixCubeMx_V1_0.map
#    Command line =
#        -f
#        D:\OneDrive_hcs7878\OneDrive\STM32\02_IAR9_3_Only\DotmatrixCubeMx_V1_1\EWARM\DotmatrixCubeMx_V1_0\Exe\DotmatrixCubeMx_V1_0.out.rsp
#        (D:\OneDrive_hcs7878\OneDrive\STM32\02_IAR9_3_Only\DotmatrixCubeMx_V1_1\EWARM\DotmatrixCubeMx_V1_0\Obj\Application\mycode\BiosFont.o
#        D:\OneDrive_hcs7878\OneDrive\STM32\02_IAR9_3_Only\DotmatrixCubeMx_V1_1\EWARM\DotmatrixCubeMx_V1_0\Obj\Application\mycode\BiosUart.o
#        D:\OneDrive_hcs7878\OneDrive\STM32\02_IAR9_3_Only\DotmatrixCubeMx_V1_1\EWARM\DotmatrixCubeMx_V1_0\Obj\Application\User\Core\dma.o
#        D:\OneDrive_hcs7878\OneDrive\STM32\02_IAR9_3_Only\DotmatrixCubeMx_V1_1\EWARM\DotmatrixCubeMx_V1_0\Obj\Application\mycode\Flash.o
#        D:\OneDrive_hcs7878\OneDrive\STM32\02_IAR9_3_Only\DotmatrixCubeMx_V1_1\EWARM\DotmatrixCubeMx_V1_0\Obj\Application\User\Core\gpio.o
#        D:\OneDrive_hcs7878\OneDrive\STM32\02_IAR9_3_Only\DotmatrixCubeMx_V1_1\EWARM\DotmatrixCubeMx_V1_0\Obj\Application\User\Core\i2c.o
#        D:\OneDrive_hcs7878\OneDrive\STM32\02_IAR9_3_Only\DotmatrixCubeMx_V1_1\EWARM\DotmatrixCubeMx_V1_0\Obj\Application\User\Core\main.o
#        D:\OneDrive_hcs7878\OneDrive\STM32\02_IAR9_3_Only\DotmatrixCubeMx_V1_1\EWARM\DotmatrixCubeMx_V1_0\Obj\Application\mycode\max7219.o
#        D:\OneDrive_hcs7878\OneDrive\STM32\02_IAR9_3_Only\DotmatrixCubeMx_V1_1\EWARM\DotmatrixCubeMx_V1_0\Obj\Application\mycode\my_usart.o
#        D:\OneDrive_hcs7878\OneDrive\STM32\02_IAR9_3_Only\DotmatrixCubeMx_V1_1\EWARM\DotmatrixCubeMx_V1_0\Obj\Application\User\Core\rtc.o
#        D:\OneDrive_hcs7878\OneDrive\STM32\02_IAR9_3_Only\DotmatrixCubeMx_V1_1\EWARM\DotmatrixCubeMx_V1_0\Obj\Application\User\Core\spi.o
#        D:\OneDrive_hcs7878\OneDrive\STM32\02_IAR9_3_Only\DotmatrixCubeMx_V1_1\EWARM\DotmatrixCubeMx_V1_0\Obj\Application\mycode\SSD1306.o
#        D:\OneDrive_hcs7878\OneDrive\STM32\02_IAR9_3_Only\DotmatrixCubeMx_V1_1\EWARM\DotmatrixCubeMx_V1_0\Obj\Application\EWARM\startup_stm32f103xb.o
#        D:\OneDrive_hcs7878\OneDrive\STM32\02_IAR9_3_Only\DotmatrixCubeMx_V1_1\EWARM\DotmatrixCubeMx_V1_0\Obj\Drivers\STM32F1xx_HAL_Driver\stm32f1xx_hal.o
#        D:\OneDrive_hcs7878\OneDrive\STM32\02_IAR9_3_Only\DotmatrixCubeMx_V1_1\EWARM\DotmatrixCubeMx_V1_0\Obj\Drivers\STM32F1xx_HAL_Driver\stm32f1xx_hal_cortex.o
#        D:\OneDrive_hcs7878\OneDrive\STM32\02_IAR9_3_Only\DotmatrixCubeMx_V1_1\EWARM\DotmatrixCubeMx_V1_0\Obj\Drivers\STM32F1xx_HAL_Driver\stm32f1xx_hal_dma.o
#        D:\OneDrive_hcs7878\OneDrive\STM32\02_IAR9_3_Only\DotmatrixCubeMx_V1_1\EWARM\DotmatrixCubeMx_V1_0\Obj\Drivers\STM32F1xx_HAL_Driver\stm32f1xx_hal_exti.o
#        D:\OneDrive_hcs7878\OneDrive\STM32\02_IAR9_3_Only\DotmatrixCubeMx_V1_1\EWARM\DotmatrixCubeMx_V1_0\Obj\Drivers\STM32F1xx_HAL_Driver\stm32f1xx_hal_flash.o
#        D:\OneDrive_hcs7878\OneDrive\STM32\02_IAR9_3_Only\DotmatrixCubeMx_V1_1\EWARM\DotmatrixCubeMx_V1_0\Obj\Drivers\STM32F1xx_HAL_Driver\stm32f1xx_hal_flash_ex.o
#        D:\OneDrive_hcs7878\OneDrive\STM32\02_IAR9_3_Only\DotmatrixCubeMx_V1_1\EWARM\DotmatrixCubeMx_V1_0\Obj\Drivers\STM32F1xx_HAL_Driver\stm32f1xx_hal_gpio.o
#        D:\OneDrive_hcs7878\OneDrive\STM32\02_IAR9_3_Only\DotmatrixCubeMx_V1_1\EWARM\DotmatrixCubeMx_V1_0\Obj\Drivers\STM32F1xx_HAL_Driver\stm32f1xx_hal_gpio_ex.o
#        D:\OneDrive_hcs7878\OneDrive\STM32\02_IAR9_3_Only\DotmatrixCubeMx_V1_1\EWARM\DotmatrixCubeMx_V1_0\Obj\Drivers\STM32F1xx_HAL_Driver\stm32f1xx_hal_i2c.o
#        D:\OneDrive_hcs7878\OneDrive\STM32\02_IAR9_3_Only\DotmatrixCubeMx_V1_1\EWARM\DotmatrixCubeMx_V1_0\Obj\Application\User\Core\stm32f1xx_hal_msp.o
#        D:\OneDrive_hcs7878\OneDrive\STM32\02_IAR9_3_Only\DotmatrixCubeMx_V1_1\EWARM\DotmatrixCubeMx_V1_0\Obj\Drivers\STM32F1xx_HAL_Driver\stm32f1xx_hal_pwr.o
#        D:\OneDrive_hcs7878\OneDrive\STM32\02_IAR9_3_Only\DotmatrixCubeMx_V1_1\EWARM\DotmatrixCubeMx_V1_0\Obj\Drivers\STM32F1xx_HAL_Driver\stm32f1xx_hal_rcc.o
#        D:\OneDrive_hcs7878\OneDrive\STM32\02_IAR9_3_Only\DotmatrixCubeMx_V1_1\EWARM\DotmatrixCubeMx_V1_0\Obj\Drivers\STM32F1xx_HAL_Driver\stm32f1xx_hal_rcc_ex.o
#        D:\OneDrive_hcs7878\OneDrive\STM32\02_IAR9_3_Only\DotmatrixCubeMx_V1_1\EWARM\DotmatrixCubeMx_V1_0\Obj\Drivers\STM32F1xx_HAL_Driver\stm32f1xx_hal_rtc.o
#        D:\OneDrive_hcs7878\OneDrive\STM32\02_IAR9_3_Only\DotmatrixCubeMx_V1_1\EWARM\DotmatrixCubeMx_V1_0\Obj\Drivers\STM32F1xx_HAL_Driver\stm32f1xx_hal_rtc_ex.o
#        D:\OneDrive_hcs7878\OneDrive\STM32\02_IAR9_3_Only\DotmatrixCubeMx_V1_1\EWARM\DotmatrixCubeMx_V1_0\Obj\Drivers\STM32F1xx_HAL_Driver\stm32f1xx_hal_spi.o
#        D:\OneDrive_hcs7878\OneDrive\STM32\02_IAR9_3_Only\DotmatrixCubeMx_V1_1\EWARM\DotmatrixCubeMx_V1_0\Obj\Drivers\STM32F1xx_HAL_Driver\stm32f1xx_hal_tim.o
#        D:\OneDrive_hcs7878\OneDrive\STM32\02_IAR9_3_Only\DotmatrixCubeMx_V1_1\EWARM\DotmatrixCubeMx_V1_0\Obj\Drivers\STM32F1xx_HAL_Driver\stm32f1xx_hal_tim_ex.o
#        D:\OneDrive_hcs7878\OneDrive\STM32\02_IAR9_3_Only\DotmatrixCubeMx_V1_1\EWARM\DotmatrixCubeMx_V1_0\Obj\Drivers\STM32F1xx_HAL_Driver\stm32f1xx_hal_uart.o
#        D:\OneDrive_hcs7878\OneDrive\STM32\02_IAR9_3_Only\DotmatrixCubeMx_V1_1\EWARM\DotmatrixCubeMx_V1_0\Obj\Application\User\Core\stm32f1xx_it.o
#        D:\OneDrive_hcs7878\OneDrive\STM32\02_IAR9_3_Only\DotmatrixCubeMx_V1_1\EWARM\DotmatrixCubeMx_V1_0\Obj\Drivers\CMSIS\system_stm32f1xx.o
#        D:\OneDrive_hcs7878\OneDrive\STM32\02_IAR9_3_Only\DotmatrixCubeMx_V1_1\EWARM\DotmatrixCubeMx_V1_0\Obj\Application\User\Core\tim.o
#        D:\OneDrive_hcs7878\OneDrive\STM32\02_IAR9_3_Only\DotmatrixCubeMx_V1_1\EWARM\DotmatrixCubeMx_V1_0\Obj\Application\User\Core\usart.o
#        --redirect _Printf=_PrintfFull --redirect _Scanf=_ScanfFull
#        --no_out_extension -o
#        D:\OneDrive_hcs7878\OneDrive\STM32\02_IAR9_3_Only\DotmatrixCubeMx_V1_1\EWARM\DotmatrixCubeMx_V1_0\Exe\DotmatrixCubeMx_V1_0.out
#        --map
#        D:\OneDrive_hcs7878\OneDrive\STM32\02_IAR9_3_Only\DotmatrixCubeMx_V1_1\EWARM\DotmatrixCubeMx_V1_0\List\DotmatrixCubeMx_V1_0.map
#        --config
#        D:\OneDrive_hcs7878\OneDrive\STM32\02_IAR9_3_Only\DotmatrixCubeMx_V1_1\EWARM/stm32f103xb_flash.icf
#        --semihosting --entry __iar_program_start --vfe --text_out locale
#        --cpu=Cortex-M3 --fpu=None)
#
###############################################################################

*******************************************************************************
*** RUNTIME MODEL ATTRIBUTES
***

CppFlavor       = *
__CPP_Runtime   = 1
__SystemLibrary = DLib
__dlib_version  = 6


*******************************************************************************
*** HEAP SELECTION
***

The basic heap was selected because --advanced_heap
was not specified and the application did not appear to
be primarily optimized for speed.


*******************************************************************************
*** PLACEMENT SUMMARY
***

"A0":  place at address 0x800'0000 { ro section .intvec };
"P1":  place in [from 0x800'0000 to 0x801'f800] { ro };
define block CSTACK with size = 1K, alignment = 8 { };
define block HEAP with size = 512, alignment = 8 { };
"P2":  place in [from 0x2000'0000 to 0x2000'4fff] {
          rw, block CSTACK, block HEAP };
initialize by copy { rw };

  Section            Kind         Address    Size  Object
  -------            ----         -------    ----  ------
"A0":                                        0xec
  .intvec            ro code   0x800'0000    0xec  startup_stm32f103xb.o [1]
                             - 0x800'00ec    0xec

"P1":                                      0xe815
  .rodata            const     0x800'00ec  0x2d00  BiosFont.o [3]
  .rodata            const     0x800'2dec  0x125c  BiosFont.o [3]
  .text              ro code   0x800'4048   0xfb2  xprintffull.o [6]
  .text              ro code   0x800'4ffa    0x7e  lz77_init_single.o [8]
  .text              ro code   0x800'5078    0x7c  xlocale_c.o [6]
  .text              ro code   0x800'50f4    0x16  strchr.o [8]
  .text              ro code   0x800'510a    0x1e  xencoding_8859_1.o [6]
  .text              ro code   0x800'5128    0x40  xfail_s.o [6]
  .text              ro code   0x800'5168    0x14  strlen_small.o [8]
  .text              ro code   0x800'517c    0x58  memchr.o [8]
  .text              ro code   0x800'51d4    0x18  ABImemcpy_small.o [8]
  .text              ro code   0x800'51ec    0x70  frexp.o [7]
  .text              ro code   0x800'525c    0x34  DblCmpLe.o [7]
  .text              ro code   0x800'5290    0x34  DblCmpGe.o [7]
  .text              ro code   0x800'52c4   0x13a  ldexp.o [7]
  .text              ro code   0x800'53fe     0xa  xsprout.o [6]
  .text              ro code   0x800'5408    0x36  DblToS32.o [7]
  .rodata            const     0x800'543e     0x2  xlocale_c.o [6]
  .text              ro code   0x800'5440    0x22  S32ToDbl.o [7]
  .rodata            const     0x800'5462     0x2  xlocale_c.o [6]
  .text              ro code   0x800'5464   0x24e  DblAddSub.o [7]
  .rodata            const     0x800'56b2     0x1  xlocale_c.o [6]
  .text              ro code   0x800'56b4   0x246  DblDiv.o [7]
  .text              ro code   0x800'58fc    0x22  DblToU32.o [7]
  .text              ro code   0x800'5920    0x1c  U32ToDbl.o [7]
  .text              ro code   0x800'593c   0x1aa  DblMul.o [7]
  .text              ro code   0x800'5ae6     0xa  xmbcurmax.o [6]
  .text              ro code   0x800'5af0   0x230  I64DivMod.o [8]
  .text              ro code   0x800'5d20     0x6  abort.o [6]
  .text              ro code   0x800'5d28     0x2  I64DivZer.o [8]
  .text              ro code   0x800'5d2c    0x14  exit.o [9]
  .text              ro code   0x800'5d40   0xa70  BiosUart.o [3]
  .text              ro code   0x800'67b0   0x58c  my_usart.o [3]
  .text              ro code   0x800'6d3c    0x28  stm32f1xx_hal.o [5]
  .text              ro code   0x800'6d64   0x670  SSD1306.o [3]
  .text              ro code   0x800'73d4   0x440  tim.o [2]
  .text              ro code   0x800'7814    0x2a  strncmp.o [6]
  .text              ro code   0x800'7840   0x24c  rtc.o [2]
  .text              ro code   0x800'7a8c   0x1e8  stm32f1xx_hal_gpio.o [5]
  .text              ro code   0x800'7c74     0x6  ABImemclr4.o [8]
  .text              ro code   0x800'7c7c   0x17c  Flash.o [3]
  .text              ro code   0x800'7df8   0x39c  max7219.o [3]
  .text              ro code   0x800'8194     0x6  ABImemclr.o [8]
  .text              ro code   0x800'819c   0x9a8  stm32f1xx_hal_uart.o [5]
  .text              ro code   0x800'8b44    0x34  vsprintf.o [6]
  .text              ro code   0x800'8b78     0xc  stm32f1xx_hal.o [5]
  .text              ro code   0x800'8b84   0x340  stm32f1xx_hal_spi.o [5]
  .text              ro code   0x800'8ec4   0x260  BiosFont.o [3]
  .text              ro code   0x800'9124   0x706  stm32f1xx_hal_tim.o [5]
  .text              ro code   0x800'982c   0x268  main.o [2]
  .text              ro code   0x800'9a94    0x64  stm32f1xx_hal_tim_ex.o [5]
  .text              ro code   0x800'9af8    0xc4  stm32f1xx_hal_cortex.o [5]
  .text              ro code   0x800'9bbc   0x118  FltDiv.o [7]
  .text              ro code   0x800'9cd4    0xd8  FltMul.o [7]
  .text              ro code   0x800'9dac   0x162  FltAddSub.o [7]
  .text              ro code   0x800'9f10    0x18  FltToU32.o [7]
  .text              ro code   0x800'9f28   0x572  stm32f1xx_hal_rtc.o [5]
  .text              ro code   0x800'a49c    0x72  stm32f1xx_hal_rtc_ex.o [5]
  .text              ro code   0x800'a510    0x10  stm32f1xx_hal_pwr.o [5]
  .text              ro code   0x800'a520    0x32  ABImemset48.o [8]
  .text              ro code   0x800'a554    0x1e  memcmp_small.o [8]
  .text              ro code   0x800'a574   0x170  stm32f1xx_hal_flash.o [5]
  .text              ro code   0x800'a6e4    0x28  stm32f1xx_hal_flash_ex.o [5]
  .text              ro code   0x800'a70c    0x66  ABImemset.o [8]
  .text              ro code   0x800'a774   0x2cc  usart.o [2]
  .text              ro code   0x800'aa40   0x362  stm32f1xx_hal_dma.o [5]
  .text              ro code   0x800'ada2     0x2  stm32f1xx_hal_uart.o [5]
  .text              ro code   0x800'ada4     0x2  stm32f1xx_hal_uart.o [5]
  .text              ro code   0x800'ada6     0x2  stm32f1xx_hal_uart.o [5]
  .text              ro code   0x800'ada8   0x4be  stm32f1xx_hal_rcc.o [5]
  .text              ro code   0x800'b268   0x134  spi.o [2]
  .text              ro code   0x800'b39c     0x2  stm32f1xx_hal_tim.o [5]
  .text              ro code   0x800'b39e     0x2  stm32f1xx_hal_tim.o [5]
  .text              ro code   0x800'b3a0     0x2  stm32f1xx_hal_tim_ex.o [5]
  .text              ro code   0x800'b3a2     0x2  stm32f1xx_hal_tim.o [5]
  .text              ro code   0x800'b3a4     0x2  stm32f1xx_hal_tim_ex.o [5]
  .text              ro code   0x800'b3a6     0x2  stm32f1xx_hal_tim.o [5]
  .text              ro code   0x800'b3a8    0x24  stm32f1xx_hal.o [5]
  .text              ro code   0x800'b3cc   0x102  gpio.o [2]
  .text              ro code   0x800'b4d0    0x80  dma.o [2]
  .text              ro code   0x800'b550   0x210  i2c.o [2]
  .text              ro code   0x800'b760    0x40  sprintf.o [6]
  .text              ro code   0x800'b7a0   0x1b2  stm32f1xx_hal_rcc_ex.o [5]
  .text              ro code   0x800'b952    0x14  memset.o [8]
  .text              ro code   0x800'b966     0x2  stm32f1xx_hal_rtc_ex.o [5]
  .text              ro code   0x800'b968     0x2  stm32f1xx_hal_rtc_ex.o [5]
  .text              ro code   0x800'b96c    0x1e  U64Shr.o [8]
  .text              ro code   0x800'b98c    0x40  stm32f1xx_hal.o [5]
  .text              ro code   0x800'b9cc    0x44  stm32f1xx_hal_msp.o [2]
  .text              ro code   0x800'ba10   0x914  stm32f1xx_hal_i2c.o [5]
  .text              ro code   0x800'c324    0x1a  U32ToFlt.o [7]
  .text              ro code   0x800'c340    0x48  FltToDbl.o [7]
  .text              ro code   0x800'c388    0x68  DblToFlt.o [7]
  .text              ro code   0x800'c3f0    0x26  FltToS32.o [7]
  .text              ro code   0x800'c418    0x28  FltCmpLe.o [7]
  .rodata            const     0x800'c440   0xa64  SSD1306.o [3]
  .rodata            const     0x800'cea4   0x900  max7219.o [3]
  .rodata            const     0x800'd7a4   0x7f0  BiosFont.o [3]
  .rodata            const     0x800'df94   0x600  SSD1306.o [3]
  .text              ro code   0x800'e594   0x110  stm32f1xx_it.o [2]
  .text              ro code   0x800'e6a4    0x10  stm32f1xx_hal.o [5]
  .rodata            const     0x800'e6b4    0x48  main.o [2]
  .text              ro code   0x800'e6fc    0x38  zero_init3.o [8]
  .rodata            const     0x800'e734    0x30  tim.o [2]
  .text              ro code   0x800'e764    0x28  data_init.o [8]
  .rodata            const     0x800'e78c    0x24  BiosUart.o [3]
  .iar.init_table    const     0x800'e7b0    0x20  - Linker created -
  .text              ro code   0x800'e7d0    0x1e  cmain.o [8]
  .text              ro code   0x800'e7ee     0x4  low_level_init.o [6]
  .text              ro code   0x800'e7f2     0x4  exit.o [6]
  .text              ro code   0x800'e7f8     0xa  cexit.o [8]
  .text              ro code   0x800'e804    0x1c  cstartup_M.o [8]
  .text              ro code   0x800'e820    0x14  system_stm32f1xx.o [4]
  .text              ro code   0x800'e834    0x10  startup_stm32f103xb.o [1]
  .rodata            const     0x800'e844     0x8  system_stm32f1xx.o [4]
  .text              ro code   0x800'e84c     0x4  startup_stm32f103xb.o [1]
  .text              ro code   0x800'e850     0x4  startup_stm32f103xb.o [1]
  .text              ro code   0x800'e854     0x4  startup_stm32f103xb.o [1]
  .text              ro code   0x800'e858     0x4  startup_stm32f103xb.o [1]
  .text              ro code   0x800'e85c     0x4  startup_stm32f103xb.o [1]
  .text              ro code   0x800'e860     0x4  startup_stm32f103xb.o [1]
  .text              ro code   0x800'e864     0x4  startup_stm32f103xb.o [1]
  .text              ro code   0x800'e868     0x4  startup_stm32f103xb.o [1]
  .text              ro code   0x800'e86c     0x4  startup_stm32f103xb.o [1]
  .text              ro code   0x800'e870     0x4  startup_stm32f103xb.o [1]
  .text              ro code   0x800'e874     0x4  startup_stm32f103xb.o [1]
  .text              ro code   0x800'e878     0x4  startup_stm32f103xb.o [1]
  .text              ro code   0x800'e87c     0x4  startup_stm32f103xb.o [1]
  .text              ro code   0x800'e880     0x4  startup_stm32f103xb.o [1]
  .text              ro code   0x800'e884     0x4  startup_stm32f103xb.o [1]
  .text              ro code   0x800'e888     0x4  startup_stm32f103xb.o [1]
  .text              ro code   0x800'e88c     0x4  startup_stm32f103xb.o [1]
  .text              ro code   0x800'e890     0x4  startup_stm32f103xb.o [1]
  .text              ro code   0x800'e894     0x4  startup_stm32f103xb.o [1]
  .text              ro code   0x800'e898     0x4  startup_stm32f103xb.o [1]
  .text              ro code   0x800'e89c     0x4  startup_stm32f103xb.o [1]
  .text              ro code   0x800'e8a0     0x4  startup_stm32f103xb.o [1]
  .text              ro code   0x800'e8a4     0x4  startup_stm32f103xb.o [1]
  .text              ro code   0x800'e8a8     0x4  startup_stm32f103xb.o [1]
  .text              ro code   0x800'e8ac     0x4  startup_stm32f103xb.o [1]
  .text              ro code   0x800'e8b0     0x4  startup_stm32f103xb.o [1]
  .text              ro code   0x800'e8b4     0x4  startup_stm32f103xb.o [1]
  .text              ro code   0x800'e8b8     0x4  startup_stm32f103xb.o [1]
  .text              ro code   0x800'e8bc     0x4  startup_stm32f103xb.o [1]
  .text              ro code   0x800'e8c0     0x4  startup_stm32f103xb.o [1]
  .text              ro code   0x800'e8c4     0x4  startup_stm32f103xb.o [1]
  .text              ro code   0x800'e8c8     0x4  startup_stm32f103xb.o [1]
  .rodata            const     0x800'e8cc     0x0  zero_init3.o [8]
  .rodata            const     0x800'e8cc     0x0  lz77_init_single.o [8]
  Initializer bytes  const     0x800'e8cc    0x35  <for P2-1>
                             - 0x800'e901  0xe815

"P2", part 1 of 3:                           0x90
  P2-1                        0x2000'0000    0x90  <Init block>
    .data            inited   0x2000'0000     0xc  stm32f1xx_hal.o [5]
    .data            inited   0x2000'000c     0x4  system_stm32f1xx.o [4]
    .data            inited   0x2000'0010    0x38  xlocale_c.o [6]
    .data            inited   0x2000'0048    0x48  xlocale_c.o [6]
                            - 0x2000'0090    0x90

"P2", part 2 of 3:                         0x4734
  DMA_BUF            zero     0x2000'0090  0x3000  my_usart.o [3]
  .bss               zero     0x2000'3090   0x400  Flash.o [3]
  .bss               zero     0x2000'3490   0x400  my_usart.o [3]
  .bss               zero     0x2000'3890   0x400  my_usart.o [3]
  .bss               zero     0x2000'3c90   0x400  SSD1306.o [3]
  .bss               zero     0x2000'4090   0x198  usart.o [2]
  .bss               zero     0x2000'4228   0x130  my_usart.o [3]
  .bss               zero     0x2000'4358    0xb4  my_usart.o [3]
  .bss               zero     0x2000'440c    0x70  BiosUart.o [3]
  .bss               zero     0x2000'447c    0x64  tim.o [2]
  .bss               zero     0x2000'44e0    0x58  spi.o [2]
  .bss               zero     0x2000'4538    0x58  spi.o [2]
  .bss               zero     0x2000'4590    0x54  i2c.o [2]
  .bss               zero     0x2000'45e4    0x48  tim.o [2]
  .bss               zero     0x2000'462c    0x48  usart.o [2]
  .bss               zero     0x2000'4674    0x48  usart.o [2]
  .bss               zero     0x2000'46bc    0x48  usart.o [2]
  .bss               zero     0x2000'4704    0x38  BiosUart.o [3]
  .bss               zero     0x2000'473c    0x28  BiosUart.o [3]
  .bss               zero     0x2000'4764    0x1c  BiosUart.o [3]
  .bss               zero     0x2000'4780    0x20  stm32f1xx_hal_flash.o [5]
  .bss               zero     0x2000'47a0    0x14  rtc.o [2]
  .bss               zero     0x2000'47b4     0xc  tim.o [2]
  .bss               zero     0x2000'47c0     0x4  xfail_s.o [6]
                            - 0x2000'47c4  0x4734

"P2", part 3 of 3:                          0x400
  CSTACK                      0x2000'47c8   0x400  <Block>
    CSTACK           uninit   0x2000'47c8   0x400  <Block tail>
                            - 0x2000'4bc8   0x400

Unused ranges:

         From           To      Size
         ----           --      ----
   0x800'e901   0x801'f800  0x1'0f00
  0x2000'47c4  0x2000'47c7       0x4
  0x2000'4bc8  0x2000'4fff     0x438


*******************************************************************************
*** INIT TABLE
***

          Address      Size
          -------      ----
Zero (__iar_zero_init3)
    1 destination range, total size 0x4734:
          0x2000'0090  0x4734

Copy/lz77 (__iar_lz77_init_single3)
    1 source range, total size 0x35 (36% of destination):
           0x800'e8cc    0x35
    1 destination range, total size 0x90:
          0x2000'0000    0x90



*******************************************************************************
*** MODULE SUMMARY
***

    Module                    ro code  ro data  rw data
    ------                    -------  -------  -------
command line/config:
    ---------------------------------------------------
    Total:

D:\OneDrive_hcs7878\OneDrive\STM32\02_IAR9_3_Only\DotmatrixCubeMx_V1_1\EWARM\DotmatrixCubeMx_V1_0\Obj\Application\EWARM: [1]
    startup_stm32f103xb.o         380
    ---------------------------------------------------
    Total:                        380

D:\OneDrive_hcs7878\OneDrive\STM32\02_IAR9_3_Only\DotmatrixCubeMx_V1_1\EWARM\DotmatrixCubeMx_V1_0\Obj\Application\User\Core: [2]
    dma.o                         128
    gpio.o                        258
    i2c.o                         528                84
    main.o                        616       72
    rtc.o                         588                20
    spi.o                         308               176
    stm32f1xx_hal_msp.o            68
    stm32f1xx_it.o                272
    tim.o                       1'088       48      184
    usart.o                       716               624
    ---------------------------------------------------
    Total:                      4'570      120    1'088

D:\OneDrive_hcs7878\OneDrive\STM32\02_IAR9_3_Only\DotmatrixCubeMx_V1_1\EWARM\DotmatrixCubeMx_V1_0\Obj\Application\mycode: [3]
    BiosFont.o                    608   18'252
    BiosUart.o                  2'672       36      236
    Flash.o                       380             1'024
    SSD1306.o                   1'648    4'196    1'024
    max7219.o                     924    2'304
    my_usart.o                  1'420            14'820
    ---------------------------------------------------
    Total:                      7'652   24'788   17'104

D:\OneDrive_hcs7878\OneDrive\STM32\02_IAR9_3_Only\DotmatrixCubeMx_V1_1\EWARM\DotmatrixCubeMx_V1_0\Obj\Drivers\CMSIS: [4]
    system_stm32f1xx.o             20        9        4
    ---------------------------------------------------
    Total:                         20        9        4

D:\OneDrive_hcs7878\OneDrive\STM32\02_IAR9_3_Only\DotmatrixCubeMx_V1_1\EWARM\DotmatrixCubeMx_V1_0\Obj\Drivers\STM32F1xx_HAL_Driver: [5]
    stm32f1xx_hal.o               168        4       12
    stm32f1xx_hal_cortex.o        196
    stm32f1xx_hal_dma.o           866
    stm32f1xx_hal_flash.o         368                32
    stm32f1xx_hal_flash_ex.o       40
    stm32f1xx_hal_gpio.o          488
    stm32f1xx_hal_i2c.o         2'324
    stm32f1xx_hal_pwr.o            16
    stm32f1xx_hal_rcc.o         1'214
    stm32f1xx_hal_rcc_ex.o        434
    stm32f1xx_hal_rtc.o         1'394
    stm32f1xx_hal_rtc_ex.o        118
    stm32f1xx_hal_spi.o           832
    stm32f1xx_hal_tim.o         1'806
    stm32f1xx_hal_tim_ex.o        104
    stm32f1xx_hal_uart.o        2'478
    ---------------------------------------------------
    Total:                     12'846        4       44

dl7M_tlf.a: [6]
    abort.o                         6
    exit.o                          4
    low_level_init.o                4
    sprintf.o                      64
    strncmp.o                      42
    vsprintf.o                     52
    xencoding_8859_1.o             30
    xfail_s.o                      64                 4
    xlocale_c.o                   124       53      128
    xmbcurmax.o                    10
    xprintffull.o               4'018
    xsprout.o                      10
    ---------------------------------------------------
    Total:                      4'428       53      132

m7M_tl.a: [7]
    DblAddSub.o                   590
    DblCmpGe.o                     52
    DblCmpLe.o                     52
    DblDiv.o                      582
    DblMul.o                      426
    DblToFlt.o                    104
    DblToS32.o                     54
    DblToU32.o                     34
    FltAddSub.o                   354
    FltCmpLe.o                     40
    FltDiv.o                      280
    FltMul.o                      216
    FltToDbl.o                     72
    FltToS32.o                     38
    FltToU32.o                     24
    S32ToDbl.o                     34
    U32ToDbl.o                     28
    U32ToFlt.o                     26
    frexp.o                       112
    ldexp.o                       314
    ---------------------------------------------------
    Total:                      3'432

rt7M_tl.a: [8]
    ABImemclr.o                     6
    ABImemclr4.o                    6
    ABImemcpy_small.o              24
    ABImemset.o                   102
    ABImemset48.o                  50
    I64DivMod.o                   560
    I64DivZer.o                     2
    U64Shr.o                       30
    cexit.o                        10
    cmain.o                        30
    cstartup_M.o                   28
    data_init.o                    40
    lz77_init_single.o            126
    memchr.o                       88
    memcmp_small.o                 30
    memset.o                       20
    strchr.o                       22
    strlen_small.o                 20
    zero_init3.o                   56
    ---------------------------------------------------
    Total:                      1'250

shb_l.a: [9]
    exit.o                         20
    ---------------------------------------------------
    Total:                         20

    Gaps                           45
    Linker created                          32    1'024
-------------------------------------------------------
    Grand Total:               34'643   25'006   19'396


*******************************************************************************
*** ENTRY LIST
***

Entry                       Address    Size  Type      Object
-----                       -------    ----  ----      ------
.iar.init_table$$Base    0x800'e7b0           --   Gb  - Linker created -
.iar.init_table$$Limit   0x800'e7d0           --   Gb  - Linker created -
?main                    0x800'e7d1          Code  Gb  cmain.o [8]
ADC1_2_IRQHandler        0x800'e879          Code  Wk  startup_stm32f103xb.o [1]
AHBPrescTable            0x800'e824    0x10  Data  Gb  system_stm32f1xx.o [4]
APBPrescTable            0x800'e844     0x8  Data  Gb  system_stm32f1xx.o [4]
ASCII8x16_MY             0x800'd7a4   0x7f0  Data  Lc  BiosFont.o [3]
BitReverse               0x800'7e57    0x18  Code  Gb  max7219.o [3]
BusFault_Handler         0x800'e59b     0x2  Code  Gb  stm32f1xx_it.o [2]
BuzzFreqSet              0x800'7593    0xae  Code  Gb  tim.o [2]
BzTbl                    0x800'e734    0x30  Data  Lc  tim.o [2]
CAN1_RX1_IRQHandler      0x800'e885          Code  Wk  startup_stm32f103xb.o [1]
CAN1_SCE_IRQHandler      0x800'e889          Code  Wk  startup_stm32f103xb.o [1]
CSTACK$$Base            0x2000'47c8           --   Gb  - Linker created -
CSTACK$$Limit           0x2000'4bc8           --   Gb  - Linker created -
CacheMore                0x800'507d    0x28  Code  Lc  xlocale_c.o [6]
CalendarPorcess          0x800'7913    0xb8  Code  Gb  rtc.o [2]
ClockDot3                0x800'7f27    0x5e  Code  Gb  max7219.o [3]
CmdProcess               0x800'5d95    0x48  Code  Gb  BiosUart.o [3]
DI_UART_GetTxStatus      0x800'6907    0x32  Code  Gb  my_usart.o [3]
DI_UART_Init             0x800'6b4d    0x64  Code  Gb  my_usart.o [3]
DI_UART_PreInit          0x800'6af7    0x56  Code  Gb  my_usart.o [3]
DI_UART_RB_GetRxReceviedBufferCount
                         0x800'6bd9    0x34  Code  Gb  my_usart.o [3]
DI_UART_RB_GetTxRemainBufferCount
                         0x800'6c0d    0x34  Code  Gb  my_usart.o [3]
DI_UART_RxProcess        0x800'6939   0x11e  Code  Gb  my_usart.o [3]
DI_UART_TxProcess        0x800'6a57    0xa0  Code  Gb  my_usart.o [3]
DI_USART_GetByte         0x800'6c49    0x24  Code  Gb  my_usart.o [3]
DI_USART_SendByte        0x800'6c7f    0x36  Code  Gb  my_usart.o [3]
DI_USART_SendString      0x800'6cb5    0x4c  Code  Gb  my_usart.o [3]
DMA1_Channel1_IRQHandler
                         0x800'e875          Code  Wk  startup_stm32f103xb.o [1]
DMA1_Channel2_IRQHandler
                         0x800'e5d9     0x6  Code  Gb  stm32f1xx_it.o [2]
DMA1_Channel3_IRQHandler
                         0x800'e5df     0x6  Code  Gb  stm32f1xx_it.o [2]
DMA1_Channel4_IRQHandler
                         0x800'e5e5     0x6  Code  Gb  stm32f1xx_it.o [2]
DMA1_Channel5_IRQHandler
                         0x800'e5eb     0x6  Code  Gb  stm32f1xx_it.o [2]
DMA1_Channel6_IRQHandler
                         0x800'e5f1     0x6  Code  Gb  stm32f1xx_it.o [2]
DMA1_Channel7_IRQHandler
                         0x800'e5f7     0x6  Code  Gb  stm32f1xx_it.o [2]
DMA_SetConfig            0x800'ad81    0x22  Code  Lc  stm32f1xx_hal_dma.o [5]
DayofWeek                0x800'6784    0x1c  Data  Lc  BiosUart.o [3]
DebugMon_Handler         0x800'e5a1     0x2  Code  Gb  stm32f1xx_it.o [2]
Delay                    0x800'757f    0x14  Code  Gb  tim.o [2]
DispOLEDString           0x800'7085    0x7e  Code  Gb  SSD1306.o [3]
DisplaySPI               0x800'727d    0x90  Code  Gb  SSD1306.o [3]
DrawFont0708             0x800'7ea7    0x80  Code  Gb  max7219.o [3]
DrawPoint                0x800'7e6f    0x38  Code  Gb  max7219.o [3]
DustParse                0x800'6081    0xfe  Code  Gb  BiosUart.o [3]
EXTI0_IRQHandler         0x800'e861          Code  Wk  startup_stm32f103xb.o [1]
EXTI15_10_IRQHandler     0x800'e8c1          Code  Wk  startup_stm32f103xb.o [1]
EXTI1_IRQHandler         0x800'e865          Code  Wk  startup_stm32f103xb.o [1]
EXTI2_IRQHandler         0x800'e869          Code  Wk  startup_stm32f103xb.o [1]
EXTI3_IRQHandler         0x800'e86d          Code  Wk  startup_stm32f103xb.o [1]
EXTI4_IRQHandler         0x800'e871          Code  Wk  startup_stm32f103xb.o [1]
EXTI9_5_IRQHandler       0x800'e88d          Code  Wk  startup_stm32f103xb.o [1]
Error_Handler            0x800'9a81     0x4  Code  Gb  main.o [2]
FLASH_IRQHandler         0x800'e859          Code  Wk  startup_stm32f103xb.o [1]
FLASH_PageErase          0x800'a6e5    0x1c  Code  Gb  stm32f1xx_hal_flash_ex.o [5]
FLASH_Program_HalfWord   0x800'a621    0x16  Code  Lc  stm32f1xx_hal_flash.o [5]
FLASH_SetErrorCode       0x800'a687    0x44  Code  Lc  stm32f1xx_hal_flash.o [5]
FLASH_WaitForLastOperation
                         0x800'a637    0x50  Code  Gb  stm32f1xx_hal_flash.o [5]
FlashWriteData           0x800'7da7    0x34  Code  Gb  Flash.o [3]
Flash_EEPROM_Read_Data   0x800'7d63    0x44  Code  Gb  Flash.o [3]
Flash_EEPROM_Write_Data
                         0x800'7d05    0x5e  Code  Gb  Flash.o [3]
GFont8x8                 0x800'd1a4   0x300  Data  Lc  max7219.o [3]
GFont8x8                 0x800'e294   0x300  Data  Lc  SSD1306.o [3]
GetEngFont               0x800'8f03    0x16  Code  Gb  BiosFont.o [3]
GetKlFont                0x800'8f19   0x128  Code  Gb  BiosFont.o [3]
GetTimer                 0x800'755f    0x12  Code  Gb  tim.o [2]
GetWeatherNumber         0x800'605b    0x26  Code  Gb  BiosUart.o [3]
HAL_DMA_Abort            0x800'ab23    0x4a  Code  Gb  stm32f1xx_hal_dma.o [5]
HAL_DMA_Abort_IT         0x800'ab6d    0x9a  Code  Gb  stm32f1xx_hal_dma.o [5]
HAL_DMA_IRQHandler       0x800'ac07   0x156  Code  Gb  stm32f1xx_hal_dma.o [5]
HAL_DMA_Init             0x800'aa41    0x64  Code  Gb  stm32f1xx_hal_dma.o [5]
HAL_DMA_Start_IT         0x800'aaa5    0x7e  Code  Gb  stm32f1xx_hal_dma.o [5]
HAL_Delay                0x800'6d3d    0x28  Code  Wk  stm32f1xx_hal.o [5]
HAL_FLASH_GetError       0x800'a61b     0x6  Code  Gb  stm32f1xx_hal_flash.o [5]
HAL_FLASH_Lock           0x800'a60b     0xa  Code  Gb  stm32f1xx_hal_flash.o [5]
HAL_FLASH_Program        0x800'a575    0x76  Code  Gb  stm32f1xx_hal_flash.o [5]
HAL_FLASH_Unlock         0x800'a5eb    0x20  Code  Gb  stm32f1xx_hal_flash.o [5]
HAL_GPIO_Init            0x800'7a8d   0x19c  Code  Gb  stm32f1xx_hal_gpio.o [5]
HAL_GPIO_TogglePin       0x800'7c31    0x10  Code  Gb  stm32f1xx_hal_gpio.o [5]
HAL_GPIO_WritePin        0x800'7c29     0x8  Code  Gb  stm32f1xx_hal_gpio.o [5]
HAL_GetTick              0x800'8b79     0xc  Code  Wk  stm32f1xx_hal.o [5]
HAL_I2C_GetError         0x800'c0b9     0x4  Code  Gb  stm32f1xx_hal_i2c.o [5]
HAL_I2C_Init             0x800'ba11   0x12e  Code  Gb  stm32f1xx_hal_i2c.o [5]
HAL_I2C_Master_Receive   0x800'bc61   0x244  Code  Gb  stm32f1xx_hal_i2c.o [5]
HAL_I2C_Master_Transmit
                         0x800'bb4b   0x116  Code  Gb  stm32f1xx_hal_i2c.o [5]
HAL_I2C_MspInit          0x800'b581    0x58  Code  Gb  i2c.o [2]
HAL_IncTick              0x800'e6a5    0x10  Code  Wk  stm32f1xx_hal.o [5]
HAL_Init                 0x800'b3a9    0x20  Code  Gb  stm32f1xx_hal.o [5]
HAL_InitTick             0x800'b98d    0x40  Code  Wk  stm32f1xx_hal.o [5]
HAL_MspInit              0x800'b9cd    0x44  Code  Gb  stm32f1xx_hal_msp.o [2]
HAL_NVIC_EnableIRQ       0x800'9b67    0x16  Code  Gb  stm32f1xx_hal_cortex.o [5]
HAL_NVIC_SetPriority     0x800'9b2d    0x3a  Code  Gb  stm32f1xx_hal_cortex.o [5]
HAL_NVIC_SetPriorityGrouping
                         0x800'9b13    0x1a  Code  Gb  stm32f1xx_hal_cortex.o [5]
HAL_PWR_EnableBkUpAccess
                         0x800'a511     0x4  Code  Gb  stm32f1xx_hal_pwr.o [5]
HAL_RCCEx_GetPeriphCLKFreq
                         0x800'b87d    0xac  Code  Gb  stm32f1xx_hal_rcc_ex.o [5]
HAL_RCCEx_GetPeriphCLKFreq::aPLLMULFactorTable
                         0x800'b940    0x10  Data  Lc  stm32f1xx_hal_rcc_ex.o [5]
HAL_RCCEx_GetPeriphCLKFreq::aPredivFactorTable
                         0x800'b950     0x2  Data  Lc  stm32f1xx_hal_rcc_ex.o [5]
HAL_RCCEx_PeriphCLKConfig
                         0x800'b7a1    0xda  Code  Gb  stm32f1xx_hal_rcc_ex.o [5]
HAL_RCC_ClockConfig      0x800'b0bd    0xf4  Code  Gb  stm32f1xx_hal_rcc.o [5]
HAL_RCC_GetPCLK1Freq     0x800'b1ff    0x10  Code  Gb  stm32f1xx_hal_rcc.o [5]
HAL_RCC_GetPCLK2Freq     0x800'b20f     0xe  Code  Gb  stm32f1xx_hal_rcc.o [5]
HAL_RCC_GetSysClockFreq
                         0x800'b1c5    0x3a  Code  Gb  stm32f1xx_hal_rcc.o [5]
HAL_RCC_GetSysClockFreq::aPLLMULFactorTable
                         0x800'b254    0x10  Data  Lc  stm32f1xx_hal_rcc.o [5]
HAL_RCC_GetSysClockFreq::aPredivFactorTable
                         0x800'b264     0x2  Data  Lc  stm32f1xx_hal_rcc.o [5]
HAL_RCC_OscConfig        0x800'ada9   0x30c  Code  Gb  stm32f1xx_hal_rcc.o [5]
HAL_RTCEx_RTCEventCallback
                         0x800'b969     0x2  Code  Wk  stm32f1xx_hal_rtc_ex.o [5]
HAL_RTCEx_RTCEventErrorCallback
                         0x800'b967     0x2  Code  Wk  stm32f1xx_hal_rtc_ex.o [5]
HAL_RTCEx_RTCIRQHandler
                         0x800'a4cd    0x42  Code  Gb  stm32f1xx_hal_rtc_ex.o [5]
HAL_RTCEx_SetSecond_IT   0x800'a49d    0x24  Code  Gb  stm32f1xx_hal_rtc_ex.o [5]
HAL_RTC_GetDate          0x800'a279    0x50  Code  Gb  stm32f1xx_hal_rtc.o [5]
HAL_RTC_GetTime          0x800'a039   0x19a  Code  Gb  stm32f1xx_hal_rtc.o [5]
HAL_RTC_Init             0x800'9f29    0x8a  Code  Gb  stm32f1xx_hal_rtc.o [5]
HAL_RTC_MspInit          0x800'78b9    0x3e  Code  Gb  rtc.o [2]
HAL_RTC_SetDate          0x800'a1d3    0x9c  Code  Gb  stm32f1xx_hal_rtc.o [5]
HAL_RTC_SetTime          0x800'9fb3    0x7c  Code  Gb  stm32f1xx_hal_rtc.o [5]
HAL_RTC_WaitForSynchro   0x800'a30d    0x2e  Code  Gb  stm32f1xx_hal_rtc.o [5]
HAL_SPI_Init             0x800'8b85    0xaa  Code  Gb  stm32f1xx_hal_spi.o [5]
HAL_SPI_MspInit          0x800'b2d7    0x98  Code  Gb  spi.o [2]
HAL_SPI_Transmit         0x800'8c2f   0x142  Code  Gb  stm32f1xx_hal_spi.o [5]
HAL_SYSTICK_Config       0x800'9b7d    0x22  Code  Gb  stm32f1xx_hal_cortex.o [5]
HAL_TIMEx_BreakCallback
                         0x800'b3a1     0x2  Code  Wk  stm32f1xx_hal_tim_ex.o [5]
HAL_TIMEx_CommutCallback
                         0x800'b3a5     0x2  Code  Wk  stm32f1xx_hal_tim_ex.o [5]
HAL_TIMEx_MasterConfigSynchronization
                         0x800'9a95    0x56  Code  Gb  stm32f1xx_hal_tim_ex.o [5]
HAL_TIM_Base_Init        0x800'9125    0x1a  Code  Gb  stm32f1xx_hal_tim.o [5]
HAL_TIM_Base_MspInit     0x800'74c3    0x36  Code  Gb  tim.o [2]
HAL_TIM_Base_Start_IT    0x800'913f    0x56  Code  Gb  stm32f1xx_hal_tim.o [5]
HAL_TIM_ConfigClockSource
                         0x800'9547    0xaa  Code  Gb  stm32f1xx_hal_tim.o [5]
HAL_TIM_IC_CaptureCallback
                         0x800'b39d     0x2  Code  Wk  stm32f1xx_hal_tim.o [5]
HAL_TIM_IRQHandler       0x800'9331   0x142  Code  Gb  stm32f1xx_hal_tim.o [5]
HAL_TIM_MspPostInit      0x800'751b    0x44  Code  Gb  tim.o [2]
HAL_TIM_OC_DelayElapsedCallback
                         0x800'b39f     0x2  Code  Wk  stm32f1xx_hal_tim.o [5]
HAL_TIM_PWM_ConfigChannel
                         0x800'9483    0xb6  Code  Gb  stm32f1xx_hal_tim.o [5]
HAL_TIM_PWM_Init         0x800'91e5    0x1a  Code  Gb  stm32f1xx_hal_tim.o [5]
HAL_TIM_PWM_MspInit      0x800'74f9    0x22  Code  Gb  tim.o [2]
HAL_TIM_PWM_PulseFinishedCallback
                         0x800'b3a7     0x2  Code  Wk  stm32f1xx_hal_tim.o [5]
HAL_TIM_PWM_Start        0x800'91ff    0x74  Code  Gb  stm32f1xx_hal_tim.o [5]
HAL_TIM_PWM_Stop         0x800'92a5    0x4a  Code  Gb  stm32f1xx_hal_tim.o [5]
HAL_TIM_PeriodElapsedCallback
                         0x800'7753    0x66  Code  Gb  tim.o [2]
HAL_TIM_PeriodElapsedCallback::DispI2CPageNum
                        0x2000'447e     0x1  Data  Lc  tim.o [2]
HAL_TIM_PeriodElapsedCallback::wOLEDCnt
                        0x2000'447d     0x1  Data  Lc  tim.o [2]
HAL_TIM_PeriodElapsedCallback::wTimerCnt
                        0x2000'447c     0x1  Data  Lc  tim.o [2]
HAL_TIM_TriggerCallback
                         0x800'b3a3     0x2  Code  Wk  stm32f1xx_hal_tim.o [5]
HAL_UARTEx_RxEventCallback
                         0x800'ada3     0x2  Code  Wk  stm32f1xx_hal_uart.o [5]
HAL_UART_DMAStop         0x800'837f    0x50  Code  Gb  stm32f1xx_hal_uart.o [5]
HAL_UART_ErrorCallback   0x800'67fb    0x2e  Code  Gb  my_usart.o [3]
HAL_UART_IRQHandler      0x800'8407   0x28e  Code  Gb  stm32f1xx_hal_uart.o [5]
HAL_UART_Init            0x800'819d    0x1e  Code  Gb  stm32f1xx_hal_uart.o [5]
HAL_UART_MspInit         0x800'a7c9   0x206  Code  Gb  usart.o [2]
HAL_UART_Receive_DMA     0x800'8359    0x26  Code  Gb  stm32f1xx_hal_uart.o [5]
HAL_UART_Receive_IT      0x800'82bd    0x26  Code  Gb  stm32f1xx_hal_uart.o [5]
HAL_UART_RxCpltCallback
                         0x800'6829    0x28  Code  Gb  my_usart.o [3]
HAL_UART_RxHalfCpltCallback
                         0x800'ada7     0x2  Code  Wk  stm32f1xx_hal_uart.o [5]
HAL_UART_RxIdleCallback
                         0x800'68ad    0x38  Code  Gb  my_usart.o [3]
HAL_UART_Transmit        0x800'821b    0x9a  Code  Gb  stm32f1xx_hal_uart.o [5]
HAL_UART_Transmit_DMA    0x800'82e3    0x76  Code  Gb  stm32f1xx_hal_uart.o [5]
HAL_UART_TxCpltCallback
                         0x800'6851    0x3c  Code  Gb  my_usart.o [3]
HAL_UART_TxHalfCpltCallback
                         0x800'ada5     0x2  Code  Wk  stm32f1xx_hal_uart.o [5]
HAN16X16                 0x800'00ec  0x2d00  Data  Lc  BiosFont.o [3]
HardFault_Handler        0x800'e597     0x2  Code  Gb  stm32f1xx_it.o [2]
I2C1_ER_IRQHandler       0x800'e8ad          Code  Wk  startup_stm32f103xb.o [1]
I2C1_EV_IRQHandler       0x800'e8a9          Code  Wk  startup_stm32f103xb.o [1]
I2C2_ER_IRQHandler       0x800'e8b5          Code  Wk  startup_stm32f103xb.o [1]
I2C2_EV_IRQHandler       0x800'e8b1          Code  Wk  startup_stm32f103xb.o [1]
I2CGetData               0x800'b5d9   0x148  Code  Gb  i2c.o [2]
I2C_IsAcknowledgeFailed
                         0x800'c2f3    0x32  Code  Lc  stm32f1xx_hal_i2c.o [5]
I2C_WaitOnBTFFlagUntilTimeout
                         0x800'c23f    0x44  Code  Lc  stm32f1xx_hal_i2c.o [5]
I2C_WaitOnFlagUntilTimeout
                         0x800'c0c3    0x68  Code  Lc  stm32f1xx_hal_i2c.o [5]
I2C_WaitOnMasterAddressFlagUntilTimeout
                         0x800'c12b    0x9a  Code  Lc  stm32f1xx_hal_i2c.o [5]
I2C_WaitOnRXNEFlagUntilTimeout
                         0x800'c29d    0x56  Code  Lc  stm32f1xx_hal_i2c.o [5]
I2C_WaitOnTXEFlagUntilTimeout
                         0x800'c1fb    0x44  Code  Lc  stm32f1xx_hal_i2c.o [5]
InitFlashMemory          0x800'7c7d    0x88  Code  Gb  Flash.o [3]
InitMax7219              0x800'8031   0x13a  Code  Gb  max7219.o [3]
InitOLED                 0x800'7217    0x58  Code  Gb  SSD1306.o [3]
InitUart                 0x800'6bb1    0x28  Code  Gb  my_usart.o [3]
InitWiFi                 0x800'5ddd    0x36  Code  Gb  BiosUart.o [3]
KStoKSSM                 0x800'8ec5    0x3e  Code  Gb  BiosFont.o [3]
MAX7219_BufClear         0x800'7fbb    0x3e  Code  Gb  max7219.o [3]
MAX7219_Clear            0x800'7ff9    0x38  Code  Gb  max7219.o [3]
MAX7219_SetReg           0x800'7f8d    0x2e  Code  Gb  max7219.o [3]
MAX7219_WholeMatrix      0x800'7e0b    0x3e  Code  Gb  max7219.o [3]
MX_DMA_Init              0x800'b4d1    0x80  Code  Gb  dma.o [2]
MX_GPIO_Init             0x800'b3cd    0xde  Code  Gb  gpio.o [2]
MX_I2C1_Init             0x800'b551    0x30  Code  Gb  i2c.o [2]
MX_RTC_Init              0x800'7841    0x78  Code  Gb  rtc.o [2]
MX_SPI1_Init             0x800'b269    0x22  Code  Gb  spi.o [2]
MX_SPI2_Init             0x800'b28b    0x26  Code  Gb  spi.o [2]
MX_TIM2_Init             0x800'73d5    0x78  Code  Gb  tim.o [2]
MX_TIM3_Init             0x800'744d    0x76  Code  Gb  tim.o [2]
MX_USART1_UART_Init      0x800'a775    0x10  Code  Gb  usart.o [2]
MX_USART2_UART_Init      0x800'a785    0x10  Code  Gb  usart.o [2]
MX_USART3_UART_Init      0x800'a7b9    0x10  Code  Gb  usart.o [2]
MemManage_Handler        0x800'e599     0x2  Code  Gb  stm32f1xx_it.o [2]
MonthComp                0x800'e78c    0x24  Data  Lc  BiosUart.o [3]
MonthLastDay             0x800'67a0    0x10  Data  Lc  BiosUart.o [3]
NMI_Handler              0x800'e595     0x2  Code  Gb  stm32f1xx_it.o [2]
PVD_IRQHandler           0x800'e851          Code  Wk  startup_stm32f103xb.o [1]
PendSV_Handler           0x800'e5a3     0x2  Code  Gb  stm32f1xx_it.o [2]
PortToDeviceID           0x800'6d01    0x12  Code  Gb  my_usart.o [3]
RCC_IRQHandler           0x800'e85d          Code  Wk  startup_stm32f103xb.o [1]
RTC_Alarm_IRQHandler     0x800'e8c5          Code  Wk  startup_stm32f103xb.o [1]
RTC_Bcd2ToByte           0x800'a43b    0x10  Code  Lc  stm32f1xx_hal_rtc.o [5]
RTC_ByteToBcd2           0x800'a425    0x16  Code  Lc  stm32f1xx_hal_rtc.o [5]
RTC_EnterInitMode        0x800'a3c1    0x2c  Code  Lc  stm32f1xx_hal_rtc.o [5]
RTC_ExitInitMode         0x800'a3f7    0x2e  Code  Lc  stm32f1xx_hal_rtc.o [5]
RTC_IRQHandler           0x800'e5a9    0x30  Code  Gb  stm32f1xx_it.o [2]
RTC_ReadAlarmCounter     0x800'a38d    0x10  Code  Lc  stm32f1xx_hal_rtc.o [5]
RTC_ReadTimeCounter      0x800'a347    0x22  Code  Lc  stm32f1xx_hal_rtc.o [5]
RTC_WeekDayNum           0x800'a44b    0x36  Code  Lc  stm32f1xx_hal_rtc.o [5]
RTC_WriteAlarmCounter    0x800'a39d    0x24  Code  Lc  stm32f1xx_hal_rtc.o [5]
RTC_WriteTimeCounter     0x800'a369    0x24  Code  Lc  stm32f1xx_hal_rtc.o [5]
Region$$Table$$Base      0x800'e7b0           --   Gb  - Linker created -
Region$$Table$$Limit     0x800'e7d0           --   Gb  - Linker created -
Reset_Handler            0x800'e835          Code  Wk  startup_stm32f103xb.o [1]
SFont8x8                 0x800'cea4   0x300  Data  Lc  max7219.o [3]
SFont8x8                 0x800'df94   0x300  Data  Lc  SSD1306.o [3]
SPI1WriteByte            0x800'7df9    0x12  Code  Gb  max7219.o [3]
SPI1_IRQHandler          0x800'e8b9          Code  Wk  startup_stm32f103xb.o [1]
SPI2WriteByte            0x800'6d65    0x10  Code  Gb  SSD1306.o [3]
SPI2_IRQHandler          0x800'e8bd          Code  Wk  startup_stm32f103xb.o [1]
SPI_EndRxTxTransaction   0x800'8e9b    0x18  Code  Lc  stm32f1xx_hal_spi.o [5]
SPI_WaitFlagStateUntilTimeout
                         0x800'8ddb    0xb4  Code  Lc  stm32f1xx_hal_spi.o [5]
SVC_Handler              0x800'e59f     0x2  Code  Gb  stm32f1xx_it.o [2]
SendString               0x800'5d41    0x2e  Code  Gb  BiosUart.o [3]
Serial                  0x2000'440c     0x8  Data  Gb  BiosUart.o [3]
SerialDust               0x800'6681    0x5a  Code  Gb  BiosUart.o [3]
SerialDust::bSeData     0x2000'4708    0x34  Data  Lc  BiosUart.o [3]
SerialDust::cnt         0x2000'4704     0x1  Data  Lc  BiosUart.o [3]
SerialProcess            0x800'6469   0x1ba  Code  Gb  BiosUart.o [3]
SerialWifi               0x800'6623    0x5e  Code  Gb  BiosUart.o [3]
SerialWifi::bSeData     0x2000'4418    0x64  Data  Lc  BiosUart.o [3]
SerialWifi::cnt         0x2000'4414     0x1  Data  Lc  BiosUart.o [3]
SetBuzzer                0x800'7641     0xa  Code  Gb  tim.o [2]
SetTimer                 0x800'7571     0xe  Code  Gb  tim.o [2]
SysTick_Handler          0x800'e5a5     0x4  Code  Gb  stm32f1xx_it.o [2]
SystemClock_Config       0x800'99fb    0x86  Code  Gb  main.o [2]
SystemCoreClock         0x2000'000c     0x4  Data  Gb  system_stm32f1xx.o [4]
SystemInit               0x800'e821     0x2  Code  Gb  system_stm32f1xx.o [4]
TAMPER_IRQHandler        0x800'e855          Code  Wk  startup_stm32f103xb.o [1]
TIM1_BRK_IRQHandler      0x800'e891          Code  Wk  startup_stm32f103xb.o [1]
TIM1_CC_IRQHandler       0x800'e89d          Code  Wk  startup_stm32f103xb.o [1]
TIM1_TRG_COM_IRQHandler
                         0x800'e899          Code  Wk  startup_stm32f103xb.o [1]
TIM1_UP_IRQHandler       0x800'e895          Code  Wk  startup_stm32f103xb.o [1]
TIM2_IRQHandler          0x800'e5fd     0x6  Code  Gb  stm32f1xx_it.o [2]
TIM3_IRQHandler          0x800'e8a1          Code  Wk  startup_stm32f103xb.o [1]
TIM4_IRQHandler          0x800'e8a5          Code  Wk  startup_stm32f103xb.o [1]
TIM_Base_SetConfig       0x800'960b    0x5e  Code  Gb  stm32f1xx_hal_tim.o [5]
TIM_CCxChannelCmd        0x800'980f    0x16  Code  Gb  stm32f1xx_hal_tim.o [5]
TIM_ETR_SetConfig        0x800'97fb    0x14  Code  Gb  stm32f1xx_hal_tim.o [5]
TIM_ITRx_SetConfig       0x800'97eb    0x10  Code  Lc  stm32f1xx_hal_tim.o [5]
TIM_OC1_SetConfig        0x800'9669    0x4a  Code  Lc  stm32f1xx_hal_tim.o [5]
TIM_OC2_SetConfig        0x800'96b3    0x52  Code  Gb  stm32f1xx_hal_tim.o [5]
TIM_OC3_SetConfig        0x800'9705    0x50  Code  Lc  stm32f1xx_hal_tim.o [5]
TIM_OC4_SetConfig        0x800'9755    0x40  Code  Lc  stm32f1xx_hal_tim.o [5]
TIM_TI1_ConfigInputStage
                         0x800'97a9    0x1e  Code  Lc  stm32f1xx_hal_tim.o [5]
TIM_TI2_ConfigInputStage
                         0x800'97c7    0x24  Code  Lc  stm32f1xx_hal_tim.o [5]
TimeCompare              0x800'78f7    0x1c  Code  Gb  rtc.o [2]
TimeParse                0x800'619f   0x10a  Code  Gb  BiosUart.o [3]
UARTChannel             0x2000'4358    0xb4  Data  Gb  my_usart.o [3]
UART_DMAAbortOnError     0x800'89d5     0xe  Code  Lc  stm32f1xx_hal_uart.o [5]
UART_DMAError            0x800'87b9    0x4a  Code  Lc  stm32f1xx_hal_uart.o [5]
UART_DMAReceiveCplt      0x800'86f3    0x4c  Code  Lc  stm32f1xx_hal_uart.o [5]
UART_DMARxHalfCplt       0x800'879f    0x18  Code  Lc  stm32f1xx_hal_uart.o [5]
UART_DMATransmitCplt     0x800'86b1    0x3a  Code  Lc  stm32f1xx_hal_uart.o [5]
UART_DMATxHalfCplt       0x800'86ed     0x6  Code  Lc  stm32f1xx_hal_uart.o [5]
UART_EndRxTransfer       0x800'899f    0x36  Code  Lc  stm32f1xx_hal_uart.o [5]
UART_EndTxTransfer       0x800'896b    0x18  Code  Lc  stm32f1xx_hal_uart.o [5]
UART_Receive_IT          0x800'89e5    0xb4  Code  Lc  stm32f1xx_hal_uart.o [5]
UART_SetConfig           0x800'8ab5    0x78  Code  Lc  stm32f1xx_hal_uart.o [5]
UART_Start_Receive_DMA   0x800'88cf    0x7a  Code  Gb  stm32f1xx_hal_uart.o [5]
UART_Start_Receive_IT    0x800'8899    0x30  Code  Gb  stm32f1xx_hal_uart.o [5]
UART_WaitOnFlagUntilTimeout
                         0x800'8803    0x5e  Code  Lc  stm32f1xx_hal_uart.o [5]
UIF_Message             0x2000'3890   0x400  Data  Gb  my_usart.o [3]
UIF_SendString           0x800'67b1    0x4a  Code  Gb  my_usart.o [3]
UIF_Send_String         0x2000'3490   0x400  Data  Gb  my_usart.o [3]
USART1_IRQHandler        0x800'e603    0x1c  Code  Gb  stm32f1xx_it.o [2]
USART2_IRQHandler        0x800'e61f    0x1c  Code  Gb  stm32f1xx_it.o [2]
USART3_IRQHandler        0x800'e653    0x1c  Code  Gb  stm32f1xx_it.o [2]
USBWakeUp_IRQHandler     0x800'e8c9          Code  Wk  startup_stm32f103xb.o [1]
USB_HP_CAN1_TX_IRQHandler
                         0x800'e87d          Code  Wk  startup_stm32f103xb.o [1]
USB_LP_CAN1_RX0_IRQHandler
                         0x800'e881          Code  Wk  startup_stm32f103xb.o [1]
UsageFault_Handler       0x800'e59d     0x2  Code  Gb  stm32f1xx_it.o [2]
WWDG_IRQHandler          0x800'e84d          Code  Wk  startup_stm32f103xb.o [1]
WatchBuzzer              0x800'764b   0x108  Code  Gb  tim.o [2]
WeatherParse             0x800'62a9   0x19e  Code  Gb  BiosUart.o [3]
WifiProcess              0x800'5e13   0x20c  Code  Gb  BiosUart.o [3]
Work_PortMsgLog          0x800'68e5    0x22  Code  Gb  my_usart.o [3]
_Encoding_8859_1_Mbrlen
                         0x800'511d     0x2  Code  Gb  xencoding_8859_1.o [6]
_Encoding_8859_1_Wctomb
                         0x800'510b    0x12  Code  Gb  xencoding_8859_1.o [6]
_HanCodeTable            0x800'2dec  0x125c  Data  Lc  BiosFont.o [3]
_LC                      0x800'4049     0x6  Code  Lc  xprintffull.o [6]
_LitobFull               0x800'4e4f   0x114  Code  Lc  xprintffull.o [6]
_Locale_lconv           0x2000'0010    0x38  Data  Lc  xlocale_c.o [6]
_PrintfFull              0x800'404f   0xbb0  Code  Gb  xprintffull.o [6]
_PutcharsFull            0x800'4fb9    0x2e  Code  Lc  xprintffull.o [6]
_PutstrFull              0x800'4d8f    0xc0  Code  Lc  xprintffull.o [6]
_PuttxtFull              0x800'4c83   0x10c  Code  Lc  xprintffull.o [6]
_SProut                  0x800'53ff     0xa  Code  Gb  xsprout.o [6]
__NVIC_SetPriority       0x800'9af9    0x1a  Code  Lc  stm32f1xx_hal_cortex.o [5]
__aeabi_cdcmple          0x800'525d          Code  Gb  DblCmpLe.o [7]
__aeabi_cdrcmple         0x800'5291          Code  Gb  DblCmpGe.o [7]
__aeabi_cfcmple          0x800'c419          Code  Gb  FltCmpLe.o [7]
__aeabi_d2f              0x800'c389          Code  Gb  DblToFlt.o [7]
__aeabi_d2iz             0x800'5409          Code  Gb  DblToS32.o [7]
__aeabi_d2uiz            0x800'58fd          Code  Gb  DblToU32.o [7]
__aeabi_ddiv             0x800'56b5          Code  Gb  DblDiv.o [7]
__aeabi_dmul             0x800'593d          Code  Gb  DblMul.o [7]
__aeabi_dsub             0x800'55d1          Code  Gb  DblAddSub.o [7]
__aeabi_f2d              0x800'c341          Code  Gb  FltToDbl.o [7]
__aeabi_f2iz             0x800'c3f1          Code  Gb  FltToS32.o [7]
__aeabi_f2uiz            0x800'9f11          Code  Gb  FltToU32.o [7]
__aeabi_fadd             0x800'9dad          Code  Gb  FltAddSub.o [7]
__aeabi_fdiv             0x800'9bbd          Code  Gb  FltDiv.o [7]
__aeabi_fmul             0x800'9cd5          Code  Gb  FltMul.o [7]
__aeabi_i2d              0x800'5441          Code  Gb  S32ToDbl.o [7]
__aeabi_ldiv0            0x800'5d29          Code  Gb  I64DivZer.o [8]
__aeabi_llsr             0x800'b96d          Code  Gb  U64Shr.o [8]
__aeabi_memclr           0x800'8195          Code  Gb  ABImemclr.o [8]
__aeabi_memclr4          0x800'7c75          Code  Gb  ABImemclr4.o [8]
__aeabi_memset           0x800'a70d          Code  Gb  ABImemset.o [8]
__aeabi_ui2d             0x800'5921          Code  Gb  U32ToDbl.o [7]
__aeabi_ui2f             0x800'c325          Code  Gb  U32ToFlt.o [7]
__aeabi_uldivmod         0x800'5af1          Code  Gb  I64DivMod.o [8]
__cmain                  0x800'e7d1          Code  Gb  cmain.o [8]
__exit                   0x800'5d2d    0x14  Code  Gb  exit.o [9]
__iar_Fail_s             0x800'5129    0x1c  Code  Gb  xfail_s.o [6]
__iar_Mbcurmax           0x800'5ae7     0xa  Code  Gb  xmbcurmax.o [6]
__iar_Memchr             0x800'517d          Code  Gb  memchr.o [8]
__iar_Memset             0x800'a70d          Code  Gb  ABImemset.o [8]
__iar_Memset4_word       0x800'a521          Code  Gb  ABImemset48.o [8]
__iar_Memset8_word       0x800'a521          Code  Gb  ABImemset48.o [8]
__iar_Memset_word        0x800'a715          Code  Gb  ABImemset.o [8]
__iar_Strchr             0x800'50f5          Code  Gb  strchr.o [8]
__iar_data_init3         0x800'e765    0x28  Code  Gb  data_init.o [8]
__iar_frexp              0x800'51f9          Code  Gb  frexp.o [7]
__iar_frexp64            0x800'51ed          Code  Gb  frexp.o [7]
__iar_frexpl             0x800'51f9          Code  Gb  frexp.o [7]
__iar_globLocale        0x2000'0048    0x48  Data  Lc  xlocale_c.o [6]
__iar_global_Locale      0x800'5079     0x4  Code  Gb  xlocale_c.o [6]
__iar_ldexp64            0x800'52c5          Code  Gb  ldexp.o [7]
__iar_lz77_init_single3
                         0x800'4ffb    0x7e  Code  Gb  lz77_init_single.o [8]
__iar_program_start      0x800'e805          Code  Gb  cstartup_M.o [8]
__iar_scalbln64          0x800'52c5          Code  Gb  ldexp.o [7]
__iar_scalbn64           0x800'52c5          Code  Gb  ldexp.o [7]
__iar_small_Memcpy       0x800'51d9          Code  Gb  ABImemcpy_small.o [8]
__iar_small_memcmp       0x800'a555          Code  Gb  memcmp_small.o [8]
__iar_small_memcpy       0x800'51d5          Code  Gb  ABImemcpy_small.o [8]
__iar_small_memcpy4      0x800'51d5          Code  Gb  ABImemcpy_small.o [8]
__iar_small_memcpy8      0x800'51d5          Code  Gb  ABImemcpy_small.o [8]
__iar_small_strlen       0x800'5169          Code  Gb  strlen_small.o [8]
__iar_zero_init3         0x800'e6fd    0x38  Code  Gb  zero_init3.o [8]
__low_level_init         0x800'e7ef     0x4  Code  Gb  low_level_init.o [6]
__vector_table           0x800'0000          Data  Gb  startup_stm32f103xb.o [1]
_call_main               0x800'e7dd          Code  Gb  cmain.o [8]
_exit                    0x800'e7f9          Code  Gb  cexit.o [8]
_first                   0x800'906c    0x20  Data  Lc  BiosFont.o [3]
_gLocale_mblen           0x800'50e1     0x4  Code  Gb  xlocale_c.o [6]
_gLocale_mblenInt        0x800'50a5    0x2c  Code  Gb  xlocale_c.o [6]
_gLocale_wctomb          0x800'50e5     0x4  Code  Gb  xlocale_c.o [6]
_gLocale_wctombInt       0x800'50dd     0x4  Code  Gb  xlocale_c.o [6]
_last                    0x800'90ac    0x20  Data  Lc  BiosFont.o [3]
_middle                  0x800'908c    0x20  Data  Lc  BiosFont.o [3]
abMag_2X                 0x800'9114    0x10  Data  Lc  BiosFont.o [3]
abort                    0x800'5d21     0x6  Code  Gb  abort.o [6]
bitRevTable              0x800'8184    0x10  Data  Lc  max7219.o [3]
buzVal                  0x2000'47b4     0xc  Data  Gb  tim.o [2]
c_chFont0708             0x800'd4a4   0x300  Data  Lc  max7219.o [3]
c_chFont1206             0x800'c440   0x474  Data  Lc  SSD1306.o [3]
c_chFont1608             0x800'c8b4   0x5f0  Data  Lc  SSD1306.o [3]
cho                      0x800'90cc    0x18  Data  Lc  BiosFont.o [3]
cho2                     0x800'90e4    0x18  Data  Lc  BiosFont.o [3]
delay_us                 0x800'7e49     0xe  Code  Gb  max7219.o [3]
dust                    0x2000'473c    0x28  Data  Gb  BiosUart.o [3]
exit                     0x800'e7f3     0x4  Code  Gb  exit.o [6]
frexp                    0x800'51ed          Code  Gb  frexp.o [7]
frexpl                   0x800'51ed          Code  Gb  frexp.o [7]
gbDispaly12864          0x2000'3c90   0x400  Data  Gb  SSD1306.o [3]
hdma_usart1_rx          0x2000'4090    0x44  Data  Gb  usart.o [2]
hdma_usart1_tx          0x2000'40d4    0x44  Data  Gb  usart.o [2]
hdma_usart2_rx          0x2000'4118    0x44  Data  Gb  usart.o [2]
hdma_usart2_tx          0x2000'415c    0x44  Data  Gb  usart.o [2]
hdma_usart3_rx          0x2000'41a0    0x44  Data  Gb  usart.o [2]
hdma_usart3_tx          0x2000'41e4    0x44  Data  Gb  usart.o [2]
hi2c1                   0x2000'4590    0x54  Data  Gb  i2c.o [2]
hrtc                    0x2000'47a0    0x14  Data  Gb  rtc.o [2]
hspi1                   0x2000'44e0    0x58  Data  Gb  spi.o [2]
hspi2                   0x2000'4538    0x58  Data  Gb  spi.o [2]
htim2                   0x2000'4498    0x48  Data  Gb  tim.o [2]
htim3                   0x2000'45e4    0x48  Data  Gb  tim.o [2]
huart1                  0x2000'462c    0x48  Data  Gb  usart.o [2]
huart2                  0x2000'4674    0x48  Data  Gb  usart.o [2]
huart3                  0x2000'46bc    0x48  Data  Gb  usart.o [2]
jong                     0x800'90fc    0x18  Data  Lc  BiosFont.o [3]
ldexp                    0x800'52c5          Code  Gb  ldexp.o [7]
ldexpl                   0x800'52c5          Code  Gb  ldexp.o [7]
localeconv               0x800'50e9     0x4  Code  Gb  xlocale_c.o [6]
main                     0x800'982d   0x1b2  Code  Gb  main.o [2]
memchr                   0x800'517d          Code  Gb  memchr.o [8]
memset                   0x800'b953    0x14  Code  Gb  memset.o [8]
pFlash                  0x2000'4780    0x20  Data  Gb  stm32f1xx_hal_flash.o [5]
rom                     0x2000'3090   0x400  Data  Gb  Flash.o [3]
rtc_gettime              0x800'7a2b    0x4a  Code  Gb  rtc.o [2]
rtc_settime              0x800'79cb    0x60  Code  Gb  rtc.o [2]
rx_dma_buffer           0x2000'0090   0xc00  Data  Gb  my_usart.o [3]
rx_ring_buffer          0x2000'1890   0xc00  Data  Gb  my_usart.o [3]
scalbln                  0x800'52c5          Code  Gb  ldexp.o [7]
scalblnl                 0x800'52c5          Code  Gb  ldexp.o [7]
scalbn                   0x800'52c5          Code  Gb  ldexp.o [7]
scalbnl                  0x800'52c5          Code  Gb  ldexp.o [7]
scale                    0x800'4f63    0x46  Code  Lc  xprintffull.o [6]
sec_hand                0x2000'47c0     0x4  Data  Lc  xfail_s.o [6]
sprintf                  0x800'b761    0x40  Code  Gb  sprintf.o [6]
ssd1306_0807_string      0x800'6fc7    0x32  Code  Gb  SSD1306.o [3]
ssd1306_clear_screen     0x800'6e13    0x46  Code  Gb  SSD1306.o [3]
ssd1306_display_char     0x800'6e97    0x80  Code  Gb  SSD1306.o [3]
ssd1306_display_string   0x800'6f17    0x4a  Code  Gb  SSD1306.o [3]
ssd1306_draw_0807char    0x800'6f61    0x66  Code  Gb  SSD1306.o [3]
ssd1306_draw_1608char    0x800'6ff9    0x3a  Code  Gb  SSD1306.o [3]
ssd1306_draw_1616char    0x800'703f    0x3a  Code  Gb  SSD1306.o [3]
ssd1306_draw_point       0x800'6e59    0x3e  Code  Gb  SSD1306.o [3]
ssd1306_init             0x800'7103   0x10e  Code  Gb  SSD1306.o [3]
ssd1306_refresh_gram     0x800'6dab    0x68  Code  Gb  SSD1306.o [3]
ssd1306_write_byte       0x800'6d75    0x36  Code  Gb  SSD1306.o [3]
strchr                   0x800'50f5          Code  Gb  strchr.o [8]
strncmp                  0x800'7815    0x2a  Code  Gb  strncmp.o [6]
sys                     0x2000'4228   0x130  Data  Gb  my_usart.o [3]
tx_dma_buffer           0x2000'0c90   0xc00  Data  Gb  my_usart.o [3]
tx_ring_buffer          0x2000'2490   0xc00  Data  Gb  my_usart.o [3]
uatoi                    0x800'5d6f    0x26  Code  Gb  BiosUart.o [3]
uwTick                  0x2000'0004     0x4  Data  Gb  stm32f1xx_hal.o [5]
uwTickFreq              0x2000'0000     0x1  Data  Gb  stm32f1xx_hal.o [5]
uwTickPrio              0x2000'0008     0x4  Data  Gb  stm32f1xx_hal.o [5]
vsprintf                 0x800'8b45    0x34  Code  Gb  vsprintf.o [6]
wTmr                    0x2000'4480    0x18  Data  Gb  tim.o [2]
weather                 0x2000'4764    0x1c  Data  Gb  BiosUart.o [3]


[1] = D:\OneDrive_hcs7878\OneDrive\STM32\02_IAR9_3_Only\DotmatrixCubeMx_V1_1\EWARM\DotmatrixCubeMx_V1_0\Obj\Application\EWARM
[2] = D:\OneDrive_hcs7878\OneDrive\STM32\02_IAR9_3_Only\DotmatrixCubeMx_V1_1\EWARM\DotmatrixCubeMx_V1_0\Obj\Application\User\Core
[3] = D:\OneDrive_hcs7878\OneDrive\STM32\02_IAR9_3_Only\DotmatrixCubeMx_V1_1\EWARM\DotmatrixCubeMx_V1_0\Obj\Application\mycode
[4] = D:\OneDrive_hcs7878\OneDrive\STM32\02_IAR9_3_Only\DotmatrixCubeMx_V1_1\EWARM\DotmatrixCubeMx_V1_0\Obj\Drivers\CMSIS
[5] = D:\OneDrive_hcs7878\OneDrive\STM32\02_IAR9_3_Only\DotmatrixCubeMx_V1_1\EWARM\DotmatrixCubeMx_V1_0\Obj\Drivers\STM32F1xx_HAL_Driver
[6] = dl7M_tlf.a
[7] = m7M_tl.a
[8] = rt7M_tl.a
[9] = shb_l.a

  34'643 bytes of readonly  code memory
  25'006 bytes of readonly  data memory
  19'396 bytes of readwrite data memory

Errors: none
Warnings: none
